---
source: src/freqs/cli/import/reading.rs
assertion_line: 354
expression: records
---
[
    (
        0,
        RecordBuf {
            reference_sequence_name: "chrM",
            variant_start: Some(
                Position(
                    3,
                ),
            ),
            ids: Ids(
                {},
            ),
            reference_bases: "T",
            alternate_bases: AlternateBases(
                [
                    "C",
                ],
            ),
            quality_score: None,
            filters: Filters(
                {
                    "PASS",
                },
            ),
            info: Info(
                {
                    "variant_collapsed": Some(
                        String(
                            "T3C",
                        ),
                    ),
                    "vep": Some(
                        Array(
                            String(
                                [
                                    Some(
                                        "C|intergenic_variant|MODIFIER|||Intergenic||||||||||||1|||SNV||||||||||||||||||||||||",
                                    ),
                                ],
                            ),
                        ),
                    ),
                    "base_qual_hist": Some(
                        String(
                            "0|0|0|0|0|0|0|0|0|0",
                        ),
                    ),
                    "position_hist": Some(
                        String(
                            "0|0|0|0|0|0|0|0|0|0",
                        ),
                    ),
                    "strand_bias_hist": Some(
                        String(
                            "0|0|0|0|0|0|0|0|0|0",
                        ),
                    ),
                    "weak_evidence_hist": Some(
                        String(
                            "0|0|0|0|0|0|0|0|0|0",
                        ),
                    ),
                    "contamination_hist": Some(
                        String(
                            "0|0|0|0|0|0|0|0|0|0",
                        ),
                    ),
                    "heteroplasmy_below_min_het_threshold_hist": Some(
                        String(
                            "0|0|0|0|0|0|0|0|0|0",
                        ),
                    ),
                    "excluded_AC": Some(
                        Integer(
                            0,
                        ),
                    ),
                    "AN": Some(
                        Integer(
                            56434,
                        ),
                    ),
                    "AC_hom": Some(
                        Integer(
                            19,
                        ),
                    ),
                    "AC_het": Some(
                        Integer(
                            1,
                        ),
                    ),
                    "hl_hist": Some(
                        String(
                            "0|0|0|0|0|0|0|0|1|19",
                        ),
                    ),
                    "dp_mean": Some(
                        Float(
                            2522.87,
                        ),
                    ),
                    "mq_mean": Some(
                        Float(
                            60.0,
                        ),
                    ),
                    "tlod_mean": Some(
                        Float(
                            6805.54,
                        ),
                    ),
                    "AF_hom": Some(
                        Float(
                            0.000336676,
                        ),
                    ),
                    "AF_het": Some(
                        Float(
                            1.77198e-5,
                        ),
                    ),
                    "max_hl": Some(
                        Float(
                            0.997,
                        ),
                    ),
                    "hap_AN": Some(
                        String(
                            "2680|1537|868|603|34|282|91|14784|701|934|3144|2732|663|2977|4724|5672|126|1|1298|366|7|393|3080|6037|1234|819|546|12|89",
                        ),
                    ),
                    "hap_AC_het": Some(
                        String(
                            "0|0|0|0|0|0|0|0|0|0|0|0|0|0|0|0|0|0|0|0|0|0|1|0|0|0|0|0|0",
                        ),
                    ),
                    "hap_AC_hom": Some(
                        String(
                            "0|0|0|0|0|0|0|1|0|0|0|0|0|0|0|0|0|0|0|0|0|0|17|1|0|0|0|0|0",
                        ),
                    ),
                    "hap_AF_hom": Some(
                        String(
                            "0.00000e+00|0.00000e+00|0.00000e+00|0.00000e+00|0.00000e+00|0.00000e+00|0.00000e+00|6.76407e-05|0.00000e+00|0.00000e+00|0.00000e+00|0.00000e+00|0.00000e+00|0.00000e+00|0.00000e+00|0.00000e+00|0.00000e+00|0.00000e+00|0.00000e+00|0.00000e+00|0.00000e+00|0.00000e+00|5.51948e-03|1.65645e-04|0.00000e+00|0.00000e+00|0.00000e+00|0.00000e+00|0.00000e+00",
                        ),
                    ),
                    "hap_AF_het": Some(
                        String(
                            "0.00000e+00|0.00000e+00|0.00000e+00|0.00000e+00|0.00000e+00|0.00000e+00|0.00000e+00|0.00000e+00|0.00000e+00|0.00000e+00|0.00000e+00|0.00000e+00|0.00000e+00|0.00000e+00|0.00000e+00|0.00000e+00|0.00000e+00|0.00000e+00|0.00000e+00|0.00000e+00|0.00000e+00|0.00000e+00|3.24675e-04|0.00000e+00|0.00000e+00|0.00000e+00|0.00000e+00|0.00000e+00|0.00000e+00",
                        ),
                    ),
                    "hap_hl_hist": Some(
                        Array(
                            String(
                                [
                                    Some(
                                        "0|0|0|0|0|0|0|0|0|0",
                                    ),
                                    Some(
                                        "0|0|0|0|0|0|0|0|0|0",
                                    ),
                                    Some(
                                        "0|0|0|0|0|0|0|0|0|0",
                                    ),
                                    Some(
                                        "0|0|0|0|0|0|0|0|0|0",
                                    ),
                                    Some(
                                        "0|0|0|0|0|0|0|0|0|0",
                                    ),
                                    Some(
                                        "0|0|0|0|0|0|0|0|0|0",
                                    ),
                                    Some(
                                        "0|0|0|0|0|0|0|0|0|0",
                                    ),
                                    Some(
                                        "0|0|0|0|0|0|0|0|0|1",
                                    ),
                                    Some(
                                        "0|0|0|0|0|0|0|0|0|0",
                                    ),
                                    Some(
                                        "0|0|0|0|0|0|0|0|0|0",
                                    ),
                                    Some(
                                        "0|0|0|0|0|0|0|0|0|0",
                                    ),
                                    Some(
                                        "0|0|0|0|0|0|0|0|0|0",
                                    ),
                                    Some(
                                        "0|0|0|0|0|0|0|0|0|0",
                                    ),
                                    Some(
                                        "0|0|0|0|0|0|0|0|0|0",
                                    ),
                                    Some(
                                        "0|0|0|0|0|0|0|0|0|0",
                                    ),
                                    Some(
                                        "0|0|0|0|0|0|0|0|0|0",
                                    ),
                                    Some(
                                        "0|0|0|0|0|0|0|0|0|0",
                                    ),
                                    Some(
                                        "0|0|0|0|0|0|0|0|0|0",
                                    ),
                                    Some(
                                        "0|0|0|0|0|0|0|0|0|0",
                                    ),
                                    Some(
                                        "0|0|0|0|0|0|0|0|0|0",
                                    ),
                                    Some(
                                        "0|0|0|0|0|0|0|0|0|0",
                                    ),
                                    Some(
                                        "0|0|0|0|0|0|0|0|0|0",
                                    ),
                                    Some(
                                        "0|0|0|0|0|0|0|0|1|17",
                                    ),
                                    Some(
                                        "0|0|0|0|0|0|0|0|0|1",
                                    ),
                                    Some(
                                        "0|0|0|0|0|0|0|0|0|0",
                                    ),
                                    Some(
                                        "0|0|0|0|0|0|0|0|0|0",
                                    ),
                                    Some(
                                        "0|0|0|0|0|0|0|0|0|0",
                                    ),
                                    Some(
                                        "0|0|0|0|0|0|0|0|0|0",
                                    ),
                                    Some(
                                        "0|0|0|0|0|0|0|0|0|0",
                                    ),
                                ],
                            ),
                        ),
                    ),
                    "hap_faf_hom": Some(
                        String(
                            "0.00000e+00|0.00000e+00|0.00000e+00|0.00000e+00|0.00000e+00|0.00000e+00|0.00000e+00|0.00000e+00|0.00000e+00|0.00000e+00|0.00000e+00|0.00000e+00|0.00000e+00|0.00000e+00|0.00000e+00|0.00000e+00|0.00000e+00|0.00000e+00|0.00000e+00|0.00000e+00|0.00000e+00|0.00000e+00|3.51633e-03|0.00000e+00|0.00000e+00|0.00000e+00|0.00000e+00|0.00000e+00|0.00000e+00",
                        ),
                    ),
                    "hapmax_AF_hom": Some(
                        String(
                            "T",
                        ),
                    ),
                    "hapmax_AF_het": Some(
                        String(
                            "T",
                        ),
                    ),
                    "faf_hapmax_hom": Some(
                        Float(
                            0.00351633,
                        ),
                    ),
                    "pop_AN": Some(
                        String(
                            "14347|392|5718|1415|1482|4892|25849|826|1493|20",
                        ),
                    ),
                    "pop_AC_het": Some(
                        String(
                            "0|0|0|0|0|0|1|0|0|0",
                        ),
                    ),
                    "pop_AC_hom": Some(
                        String(
                            "0|0|0|0|0|0|19|0|0|0",
                        ),
                    ),
                    "pop_AF_hom": Some(
                        String(
                            "0.00000e+00|0.00000e+00|0.00000e+00|0.00000e+00|0.00000e+00|0.00000e+00|7.35038e-04|0.00000e+00|0.00000e+00|0.00000e+00",
                        ),
                    ),
                    "pop_AF_het": Some(
                        String(
                            "0.00000e+00|0.00000e+00|0.00000e+00|0.00000e+00|0.00000e+00|0.00000e+00|3.86862e-05|0.00000e+00|0.00000e+00|0.00000e+00",
                        ),
                    ),
                    "pop_hl_hist": Some(
                        Array(
                            String(
                                [
                                    Some(
                                        "0|0|0|0|0|0|0|0|0|0",
                                    ),
                                    Some(
                                        "0|0|0|0|0|0|0|0|0|0",
                                    ),
                                    Some(
                                        "0|0|0|0|0|0|0|0|0|0",
                                    ),
                                    Some(
                                        "0|0|0|0|0|0|0|0|0|0",
                                    ),
                                    Some(
                                        "0|0|0|0|0|0|0|0|0|0",
                                    ),
                                    Some(
                                        "0|0|0|0|0|0|0|0|0|0",
                                    ),
                                    Some(
                                        "0|0|0|0|0|0|0|0|1|19",
                                    ),
                                    Some(
                                        "0|0|0|0|0|0|0|0|0|0",
                                    ),
                                    Some(
                                        "0|0|0|0|0|0|0|0|0|0",
                                    ),
                                    Some(
                                        "0|0|0|0|0|0|0|0|0|0",
                                    ),
                                ],
                            ),
                        ),
                    ),
                    "age_hist_hom_bin_freq": Some(
                        String(
                            "0|1|0|2|1|0|0|2|0|0",
                        ),
                    ),
                    "age_hist_hom_n_smaller": Some(
                        Integer(
                            3,
                        ),
                    ),
                    "age_hist_hom_n_larger": Some(
                        Integer(
                            0,
                        ),
                    ),
                    "age_hist_het_bin_freq": Some(
                        String(
                            "0|0|0|0|0|0|0|0|0|0",
                        ),
                    ),
                    "age_hist_het_n_smaller": Some(
                        Integer(
                            0,
                        ),
                    ),
                    "age_hist_het_n_larger": Some(
                        Integer(
                            0,
                        ),
                    ),
                    "dp_hist_all_n_larger": Some(
                        Integer(
                            35782,
                        ),
                    ),
                    "dp_hist_alt_n_larger": Some(
                        Integer(
                            11,
                        ),
                    ),
                    "dp_hist_all_bin_freq": Some(
                        String(
                            "0|1|217|1234|2334|2600|2967|3324|3791|4184",
                        ),
                    ),
                    "dp_hist_alt_bin_freq": Some(
                        String(
                            "0|0|0|0|2|0|1|4|2|0",
                        ),
                    ),
                },
            ),
            samples: Samples {
                keys: Keys(
                    {},
                ),
                values: [],
            },
        },
    ),
    (
        1,
        RecordBuf {
            reference_sequence_name: "chrM",
            variant_start: Some(
                Position(
                    5,
                ),
            ),
            ids: Ids(
                {},
            ),
            reference_bases: "A",
            alternate_bases: AlternateBases(
                [
                    "C",
                ],
            ),
            quality_score: None,
            filters: Filters(
                {
                    "PASS",
                },
            ),
            info: Info(
                {
                    "AN": Some(
                        Integer(
                            196554,
                        ),
                    ),
                    "AC_hom": Some(
                        Integer(
                            1,
                        ),
                    ),
                    "AC_het": Some(
                        Integer(
                            0,
                        ),
                    ),
                },
            ),
            samples: Samples {
                keys: Keys(
                    {},
                ),
                values: [],
            },
        },
    ),
    (
        0,
        RecordBuf {
            reference_sequence_name: "chrM",
            variant_start: Some(
                Position(
                    6,
                ),
            ),
            ids: Ids(
                {},
            ),
            reference_bases: "C",
            alternate_bases: AlternateBases(
                [
                    "CCTCAA",
                ],
            ),
            quality_score: None,
            filters: Filters(
                {
                    "npg",
                },
            ),
            info: Info(
                {
                    "filters": Some(
                        Array(
                            String(
                                [
                                    Some(
                                        "npg",
                                    ),
                                ],
                            ),
                        ),
                    ),
                    "variant_collapsed": Some(
                        String(
                            "C6CCTCAA",
                        ),
                    ),
                    "vep": Some(
                        Array(
                            String(
                                [
                                    Some(
                                        "CTCAA|intergenic_variant|MODIFIER|||Intergenic||||||||||||1|||insertion||||||||||||||||||||||||",
                                    ),
                                ],
                            ),
                        ),
                    ),
                    "base_qual_hist": Some(
                        String(
                            "0|0|0|0|0|0|0|0|0|0",
                        ),
                    ),
                    "position_hist": Some(
                        String(
                            "0|0|0|0|0|0|0|0|0|0",
                        ),
                    ),
                    "strand_bias_hist": Some(
                        String(
                            "0|0|0|0|0|0|0|0|0|0",
                        ),
                    ),
                    "weak_evidence_hist": Some(
                        String(
                            "0|0|0|0|0|0|0|0|0|0",
                        ),
                    ),
                    "contamination_hist": Some(
                        String(
                            "0|0|0|0|0|0|0|0|0|0",
                        ),
                    ),
                    "heteroplasmy_below_min_het_threshold_hist": Some(
                        String(
                            "1|0|0|0|0|0|0|0|0|0",
                        ),
                    ),
                    "excluded_AC": Some(
                        Integer(
                            1,
                        ),
                    ),
                    "AN": Some(
                        Integer(
                            56433,
                        ),
                    ),
                    "AC_hom": Some(
                        Integer(
                            0,
                        ),
                    ),
                    "AC_het": Some(
                        Integer(
                            0,
                        ),
                    ),
                    "hl_hist": Some(
                        String(
                            "0|0|0|0|0|0|0|0|0|0",
                        ),
                    ),
                    "dp_mean": Some(
                        Float(
                            2527.78,
                        ),
                    ),
                    "mq_mean": Some(
                        Float(
                            60.0,
                        ),
                    ),
                    "tlod_mean": Some(
                        Float(
                            0.537,
                        ),
                    ),
                    "AF_hom": Some(
                        Float(
                            0.0,
                        ),
                    ),
                    "AF_het": Some(
                        Float(
                            0.0,
                        ),
                    ),
                    "max_hl": Some(
                        Float(
                            0.0,
                        ),
                    ),
                    "hap_AN": Some(
                        String(
                            "2679|1537|868|603|34|282|91|14784|701|934|3144|2732|663|2977|4724|5672|126|1|1298|366|7|393|3080|6037|1234|819|546|12|89",
                        ),
                    ),
                    "hap_AC_het": Some(
                        String(
                            "0|0|0|0|0|0|0|0|0|0|0|0|0|0|0|0|0|0|0|0|0|0|0|0|0|0|0|0|0",
                        ),
                    ),
                    "hap_AC_hom": Some(
                        String(
                            "0|0|0|0|0|0|0|0|0|0|0|0|0|0|0|0|0|0|0|0|0|0|0|0|0|0|0|0|0",
                        ),
                    ),
                    "hap_AF_hom": Some(
                        String(
                            "0.00000e+00|0.00000e+00|0.00000e+00|0.00000e+00|0.00000e+00|0.00000e+00|0.00000e+00|0.00000e+00|0.00000e+00|0.00000e+00|0.00000e+00|0.00000e+00|0.00000e+00|0.00000e+00|0.00000e+00|0.00000e+00|0.00000e+00|0.00000e+00|0.00000e+00|0.00000e+00|0.00000e+00|0.00000e+00|0.00000e+00|0.00000e+00|0.00000e+00|0.00000e+00|0.00000e+00|0.00000e+00|0.00000e+00",
                        ),
                    ),
                    "hap_AF_het": Some(
                        String(
                            "0.00000e+00|0.00000e+00|0.00000e+00|0.00000e+00|0.00000e+00|0.00000e+00|0.00000e+00|0.00000e+00|0.00000e+00|0.00000e+00|0.00000e+00|0.00000e+00|0.00000e+00|0.00000e+00|0.00000e+00|0.00000e+00|0.00000e+00|0.00000e+00|0.00000e+00|0.00000e+00|0.00000e+00|0.00000e+00|0.00000e+00|0.00000e+00|0.00000e+00|0.00000e+00|0.00000e+00|0.00000e+00|0.00000e+00",
                        ),
                    ),
                    "hap_hl_hist": Some(
                        Array(
                            String(
                                [
                                    Some(
                                        "0|0|0|0|0|0|0|0|0|0",
                                    ),
                                    Some(
                                        "0|0|0|0|0|0|0|0|0|0",
                                    ),
                                    Some(
                                        "0|0|0|0|0|0|0|0|0|0",
                                    ),
                                    Some(
                                        "0|0|0|0|0|0|0|0|0|0",
                                    ),
                                    Some(
                                        "0|0|0|0|0|0|0|0|0|0",
                                    ),
                                    Some(
                                        "0|0|0|0|0|0|0|0|0|0",
                                    ),
                                    Some(
                                        "0|0|0|0|0|0|0|0|0|0",
                                    ),
                                    Some(
                                        "0|0|0|0|0|0|0|0|0|0",
                                    ),
                                    Some(
                                        "0|0|0|0|0|0|0|0|0|0",
                                    ),
                                    Some(
                                        "0|0|0|0|0|0|0|0|0|0",
                                    ),
                                    Some(
                                        "0|0|0|0|0|0|0|0|0|0",
                                    ),
                                    Some(
                                        "0|0|0|0|0|0|0|0|0|0",
                                    ),
                                    Some(
                                        "0|0|0|0|0|0|0|0|0|0",
                                    ),
                                    Some(
                                        "0|0|0|0|0|0|0|0|0|0",
                                    ),
                                    Some(
                                        "0|0|0|0|0|0|0|0|0|0",
                                    ),
                                    Some(
                                        "0|0|0|0|0|0|0|0|0|0",
                                    ),
                                    Some(
                                        "0|0|0|0|0|0|0|0|0|0",
                                    ),
                                    Some(
                                        "0|0|0|0|0|0|0|0|0|0",
                                    ),
                                    Some(
                                        "0|0|0|0|0|0|0|0|0|0",
                                    ),
                                    Some(
                                        "0|0|0|0|0|0|0|0|0|0",
                                    ),
                                    Some(
                                        "0|0|0|0|0|0|0|0|0|0",
                                    ),
                                    Some(
                                        "0|0|0|0|0|0|0|0|0|0",
                                    ),
                                    Some(
                                        "0|0|0|0|0|0|0|0|0|0",
                                    ),
                                    Some(
                                        "0|0|0|0|0|0|0|0|0|0",
                                    ),
                                    Some(
                                        "0|0|0|0|0|0|0|0|0|0",
                                    ),
                                    Some(
                                        "0|0|0|0|0|0|0|0|0|0",
                                    ),
                                    Some(
                                        "0|0|0|0|0|0|0|0|0|0",
                                    ),
                                    Some(
                                        "0|0|0|0|0|0|0|0|0|0",
                                    ),
                                    Some(
                                        "0|0|0|0|0|0|0|0|0|0",
                                    ),
                                ],
                            ),
                        ),
                    ),
                    "hap_faf_hom": Some(
                        String(
                            "0.00000e+00|0.00000e+00|0.00000e+00|0.00000e+00|0.00000e+00|0.00000e+00|0.00000e+00|0.00000e+00|0.00000e+00|0.00000e+00|0.00000e+00|0.00000e+00|0.00000e+00|0.00000e+00|0.00000e+00|0.00000e+00|0.00000e+00|0.00000e+00|0.00000e+00|0.00000e+00|0.00000e+00|0.00000e+00|0.00000e+00|0.00000e+00|0.00000e+00|0.00000e+00|0.00000e+00|0.00000e+00|0.00000e+00",
                        ),
                    ),
                    "faf_hapmax_hom": Some(
                        Float(
                            0.0,
                        ),
                    ),
                    "pop_AN": Some(
                        String(
                            "14347|392|5717|1415|1482|4892|25849|826|1493|20",
                        ),
                    ),
                    "pop_AC_het": Some(
                        String(
                            "0|0|0|0|0|0|0|0|0|0",
                        ),
                    ),
                    "pop_AC_hom": Some(
                        String(
                            "0|0|0|0|0|0|0|0|0|0",
                        ),
                    ),
                    "pop_AF_hom": Some(
                        String(
                            "0.00000e+00|0.00000e+00|0.00000e+00|0.00000e+00|0.00000e+00|0.00000e+00|0.00000e+00|0.00000e+00|0.00000e+00|0.00000e+00",
                        ),
                    ),
                    "pop_AF_het": Some(
                        String(
                            "0.00000e+00|0.00000e+00|0.00000e+00|0.00000e+00|0.00000e+00|0.00000e+00|0.00000e+00|0.00000e+00|0.00000e+00|0.00000e+00",
                        ),
                    ),
                    "pop_hl_hist": Some(
                        Array(
                            String(
                                [
                                    Some(
                                        "0|0|0|0|0|0|0|0|0|0",
                                    ),
                                    Some(
                                        "0|0|0|0|0|0|0|0|0|0",
                                    ),
                                    Some(
                                        "0|0|0|0|0|0|0|0|0|0",
                                    ),
                                    Some(
                                        "0|0|0|0|0|0|0|0|0|0",
                                    ),
                                    Some(
                                        "0|0|0|0|0|0|0|0|0|0",
                                    ),
                                    Some(
                                        "0|0|0|0|0|0|0|0|0|0",
                                    ),
                                    Some(
                                        "0|0|0|0|0|0|0|0|0|0",
                                    ),
                                    Some(
                                        "0|0|0|0|0|0|0|0|0|0",
                                    ),
                                    Some(
                                        "0|0|0|0|0|0|0|0|0|0",
                                    ),
                                    Some(
                                        "0|0|0|0|0|0|0|0|0|0",
                                    ),
                                ],
                            ),
                        ),
                    ),
                    "age_hist_hom_bin_freq": Some(
                        String(
                            "0|0|0|0|0|0|0|0|0|0",
                        ),
                    ),
                    "age_hist_hom_n_smaller": Some(
                        Integer(
                            0,
                        ),
                    ),
                    "age_hist_hom_n_larger": Some(
                        Integer(
                            0,
                        ),
                    ),
                    "age_hist_het_bin_freq": Some(
                        String(
                            "0|0|0|0|0|0|0|0|0|0",
                        ),
                    ),
                    "age_hist_het_n_smaller": Some(
                        Integer(
                            0,
                        ),
                    ),
                    "age_hist_het_n_larger": Some(
                        Integer(
                            0,
                        ),
                    ),
                    "dp_hist_all_n_larger": Some(
                        Integer(
                            35855,
                        ),
                    ),
                    "dp_hist_alt_n_larger": Some(
                        Integer(
                            0,
                        ),
                    ),
                    "dp_hist_all_bin_freq": Some(
                        String(
                            "0|0|216|1236|2310|2568|2964|3302|3802|4180",
                        ),
                    ),
                    "dp_hist_alt_bin_freq": Some(
                        String(
                            "0|0|0|0|0|0|0|0|0|0",
                        ),
                    ),
                },
            ),
            samples: Samples {
                keys: Keys(
                    {},
                ),
                values: [],
            },
        },
    ),
    (
        0,
        RecordBuf {
            reference_sequence_name: "chrM",
            variant_start: Some(
                Position(
                    10,
                ),
            ),
            ids: Ids(
                {},
            ),
            reference_bases: "T",
            alternate_bases: AlternateBases(
                [
                    "C",
                ],
            ),
            quality_score: None,
            filters: Filters(
                {
                    "npg",
                },
            ),
            info: Info(
                {
                    "filters": Some(
                        Array(
                            String(
                                [
                                    Some(
                                        "npg",
                                    ),
                                ],
                            ),
                        ),
                    ),
                    "variant_collapsed": Some(
                        String(
                            "A7G",
                        ),
                    ),
                    "vep": Some(
                        Array(
                            String(
                                [
                                    Some(
                                        "G|intergenic_variant|MODIFIER|||Intergenic||||||||||||1|||SNV||||||||||||||||||||||||",
                                    ),
                                ],
                            ),
                        ),
                    ),
                    "base_qual_hist": Some(
                        String(
                            "0|0|0|0|0|0|0|0|0|0",
                        ),
                    ),
                    "position_hist": Some(
                        String(
                            "0|0|0|0|0|0|0|0|0|0",
                        ),
                    ),
                    "strand_bias_hist": Some(
                        String(
                            "0|0|0|0|0|0|0|0|0|0",
                        ),
                    ),
                    "weak_evidence_hist": Some(
                        String(
                            "0|0|0|0|0|0|0|0|0|0",
                        ),
                    ),
                    "contamination_hist": Some(
                        String(
                            "0|0|0|0|0|0|0|0|0|0",
                        ),
                    ),
                    "heteroplasmy_below_min_het_threshold_hist": Some(
                        String(
                            "1|0|0|0|0|0|0|0|0|0",
                        ),
                    ),
                    "excluded_AC": Some(
                        Integer(
                            1,
                        ),
                    ),
                    "AN": Some(
                        Integer(
                            56433,
                        ),
                    ),
                    "AC_hom": Some(
                        Integer(
                            0,
                        ),
                    ),
                    "AC_het": Some(
                        Integer(
                            0,
                        ),
                    ),
                    "hl_hist": Some(
                        String(
                            "0|0|0|0|0|0|0|0|0|0",
                        ),
                    ),
                    "dp_mean": Some(
                        Float(
                            2555.14,
                        ),
                    ),
                    "mq_mean": None,
                    "tlod_mean": None,
                    "AF_hom": Some(
                        Float(
                            0.0,
                        ),
                    ),
                    "AF_het": Some(
                        Float(
                            0.0,
                        ),
                    ),
                    "max_hl": Some(
                        Float(
                            0.0,
                        ),
                    ),
                    "hap_AN": Some(
                        String(
                            "2679|1537|868|603|34|282|91|14784|701|934|3144|2732|663|2977|4724|5672|126|1|1298|366|7|393|3080|6037|1234|819|546|12|89",
                        ),
                    ),
                    "hap_AC_het": Some(
                        String(
                            "0|0|0|0|0|0|0|0|0|0|0|0|0|0|0|0|0|0|0|0|0|0|0|0|0|0|0|0|0",
                        ),
                    ),
                    "hap_AC_hom": Some(
                        String(
                            "0|0|0|0|0|0|0|0|0|0|0|0|0|0|0|0|0|0|0|0|0|0|0|0|0|0|0|0|0",
                        ),
                    ),
                    "hap_AF_hom": Some(
                        String(
                            "0.00000e+00|0.00000e+00|0.00000e+00|0.00000e+00|0.00000e+00|0.00000e+00|0.00000e+00|0.00000e+00|0.00000e+00|0.00000e+00|0.00000e+00|0.00000e+00|0.00000e+00|0.00000e+00|0.00000e+00|0.00000e+00|0.00000e+00|0.00000e+00|0.00000e+00|0.00000e+00|0.00000e+00|0.00000e+00|0.00000e+00|0.00000e+00|0.00000e+00|0.00000e+00|0.00000e+00|0.00000e+00|0.00000e+00",
                        ),
                    ),
                    "hap_AF_het": Some(
                        String(
                            "0.00000e+00|0.00000e+00|0.00000e+00|0.00000e+00|0.00000e+00|0.00000e+00|0.00000e+00|0.00000e+00|0.00000e+00|0.00000e+00|0.00000e+00|0.00000e+00|0.00000e+00|0.00000e+00|0.00000e+00|0.00000e+00|0.00000e+00|0.00000e+00|0.00000e+00|0.00000e+00|0.00000e+00|0.00000e+00|0.00000e+00|0.00000e+00|0.00000e+00|0.00000e+00|0.00000e+00|0.00000e+00|0.00000e+00",
                        ),
                    ),
                    "hap_hl_hist": Some(
                        Array(
                            String(
                                [
                                    Some(
                                        "0|0|0|0|0|0|0|0|0|0",
                                    ),
                                    Some(
                                        "0|0|0|0|0|0|0|0|0|0",
                                    ),
                                    Some(
                                        "0|0|0|0|0|0|0|0|0|0",
                                    ),
                                    Some(
                                        "0|0|0|0|0|0|0|0|0|0",
                                    ),
                                    Some(
                                        "0|0|0|0|0|0|0|0|0|0",
                                    ),
                                    Some(
                                        "0|0|0|0|0|0|0|0|0|0",
                                    ),
                                    Some(
                                        "0|0|0|0|0|0|0|0|0|0",
                                    ),
                                    Some(
                                        "0|0|0|0|0|0|0|0|0|0",
                                    ),
                                    Some(
                                        "0|0|0|0|0|0|0|0|0|0",
                                    ),
                                    Some(
                                        "0|0|0|0|0|0|0|0|0|0",
                                    ),
                                    Some(
                                        "0|0|0|0|0|0|0|0|0|0",
                                    ),
                                    Some(
                                        "0|0|0|0|0|0|0|0|0|0",
                                    ),
                                    Some(
                                        "0|0|0|0|0|0|0|0|0|0",
                                    ),
                                    Some(
                                        "0|0|0|0|0|0|0|0|0|0",
                                    ),
                                    Some(
                                        "0|0|0|0|0|0|0|0|0|0",
                                    ),
                                    Some(
                                        "0|0|0|0|0|0|0|0|0|0",
                                    ),
                                    Some(
                                        "0|0|0|0|0|0|0|0|0|0",
                                    ),
                                    Some(
                                        "0|0|0|0|0|0|0|0|0|0",
                                    ),
                                    Some(
                                        "0|0|0|0|0|0|0|0|0|0",
                                    ),
                                    Some(
                                        "0|0|0|0|0|0|0|0|0|0",
                                    ),
                                    Some(
                                        "0|0|0|0|0|0|0|0|0|0",
                                    ),
                                    Some(
                                        "0|0|0|0|0|0|0|0|0|0",
                                    ),
                                    Some(
                                        "0|0|0|0|0|0|0|0|0|0",
                                    ),
                                    Some(
                                        "0|0|0|0|0|0|0|0|0|0",
                                    ),
                                    Some(
                                        "0|0|0|0|0|0|0|0|0|0",
                                    ),
                                    Some(
                                        "0|0|0|0|0|0|0|0|0|0",
                                    ),
                                    Some(
                                        "0|0|0|0|0|0|0|0|0|0",
                                    ),
                                    Some(
                                        "0|0|0|0|0|0|0|0|0|0",
                                    ),
                                    Some(
                                        "0|0|0|0|0|0|0|0|0|0",
                                    ),
                                ],
                            ),
                        ),
                    ),
                    "hap_faf_hom": Some(
                        String(
                            "0.00000e+00|0.00000e+00|0.00000e+00|0.00000e+00|0.00000e+00|0.00000e+00|0.00000e+00|0.00000e+00|0.00000e+00|0.00000e+00|0.00000e+00|0.00000e+00|0.00000e+00|0.00000e+00|0.00000e+00|0.00000e+00|0.00000e+00|0.00000e+00|0.00000e+00|0.00000e+00|0.00000e+00|0.00000e+00|0.00000e+00|0.00000e+00|0.00000e+00|0.00000e+00|0.00000e+00|0.00000e+00|0.00000e+00",
                        ),
                    ),
                    "faf_hapmax_hom": Some(
                        Float(
                            0.0,
                        ),
                    ),
                    "pop_AN": Some(
                        String(
                            "14347|392|5717|1415|1482|4892|25849|826|1493|20",
                        ),
                    ),
                    "pop_AC_het": Some(
                        String(
                            "0|0|0|0|0|0|0|0|0|0",
                        ),
                    ),
                    "pop_AC_hom": Some(
                        String(
                            "0|0|0|0|0|0|0|0|0|0",
                        ),
                    ),
                    "pop_AF_hom": Some(
                        String(
                            "0.00000e+00|0.00000e+00|0.00000e+00|0.00000e+00|0.00000e+00|0.00000e+00|0.00000e+00|0.00000e+00|0.00000e+00|0.00000e+00",
                        ),
                    ),
                    "pop_AF_het": Some(
                        String(
                            "0.00000e+00|0.00000e+00|0.00000e+00|0.00000e+00|0.00000e+00|0.00000e+00|0.00000e+00|0.00000e+00|0.00000e+00|0.00000e+00",
                        ),
                    ),
                    "pop_hl_hist": Some(
                        Array(
                            String(
                                [
                                    Some(
                                        "0|0|0|0|0|0|0|0|0|0",
                                    ),
                                    Some(
                                        "0|0|0|0|0|0|0|0|0|0",
                                    ),
                                    Some(
                                        "0|0|0|0|0|0|0|0|0|0",
                                    ),
                                    Some(
                                        "0|0|0|0|0|0|0|0|0|0",
                                    ),
                                    Some(
                                        "0|0|0|0|0|0|0|0|0|0",
                                    ),
                                    Some(
                                        "0|0|0|0|0|0|0|0|0|0",
                                    ),
                                    Some(
                                        "0|0|0|0|0|0|0|0|0|0",
                                    ),
                                    Some(
                                        "0|0|0|0|0|0|0|0|0|0",
                                    ),
                                    Some(
                                        "0|0|0|0|0|0|0|0|0|0",
                                    ),
                                    Some(
                                        "0|0|0|0|0|0|0|0|0|0",
                                    ),
                                ],
                            ),
                        ),
                    ),
                    "age_hist_hom_bin_freq": Some(
                        String(
                            "0|0|0|0|0|0|0|0|0|0",
                        ),
                    ),
                    "age_hist_hom_n_smaller": Some(
                        Integer(
                            0,
                        ),
                    ),
                    "age_hist_hom_n_larger": Some(
                        Integer(
                            0,
                        ),
                    ),
                    "age_hist_het_bin_freq": Some(
                        String(
                            "0|0|0|0|0|0|0|0|0|0",
                        ),
                    ),
                    "age_hist_het_n_smaller": Some(
                        Integer(
                            0,
                        ),
                    ),
                    "age_hist_het_n_larger": Some(
                        Integer(
                            0,
                        ),
                    ),
                    "dp_hist_all_n_larger": Some(
                        Integer(
                            36388,
                        ),
                    ),
                    "dp_hist_alt_n_larger": Some(
                        Integer(
                            0,
                        ),
                    ),
                    "dp_hist_all_bin_freq": Some(
                        String(
                            "0|0|194|1156|2241|2524|2903|3254|3706|4067",
                        ),
                    ),
                    "dp_hist_alt_bin_freq": Some(
                        String(
                            "0|0|0|0|0|0|0|0|0|0",
                        ),
                    ),
                },
            ),
            samples: Samples {
                keys: Keys(
                    {},
                ),
                values: [],
            },
        },
    ),
    (
        1,
        RecordBuf {
            reference_sequence_name: "chrM",
            variant_start: Some(
                Position(
                    10,
                ),
            ),
            ids: Ids(
                {},
            ),
            reference_bases: "T",
            alternate_bases: AlternateBases(
                [
                    "C",
                ],
            ),
            quality_score: None,
            filters: Filters(
                {
                    "PASS",
                },
            ),
            info: Info(
                {
                    "AN": Some(
                        Integer(
                            196554,
                        ),
                    ),
                    "AC_hom": Some(
                        Integer(
                            7,
                        ),
                    ),
                    "AC_het": Some(
                        Integer(
                            1,
                        ),
                    ),
                },
            ),
            samples: Samples {
                keys: Keys(
                    {},
                ),
                values: [],
            },
        },
    ),
    (
        1,
        RecordBuf {
            reference_sequence_name: "chrM",
            variant_start: Some(
                Position(
                    11,
                ),
            ),
            ids: Ids(
                {},
            ),
            reference_bases: "C",
            alternate_bases: AlternateBases(
                [
                    "T",
                ],
            ),
            quality_score: None,
            filters: Filters(
                {
                    "PASS",
                },
            ),
            info: Info(
                {
                    "AN": Some(
                        Integer(
                            196554,
                        ),
                    ),
                    "AC_hom": Some(
                        Integer(
                            0,
                        ),
                    ),
                    "AC_het": Some(
                        Integer(
                            1,
                        ),
                    ),
                },
            ),
            samples: Samples {
                keys: Keys(
                    {},
                ),
                values: [],
            },
        },
    ),
]
