---
source: src/genes/cli/data/mod.rs
expression: records
---
- hgnc_id: "HGNC:100"
  hgnc_symbol: ASIC1
  p_hi: 0.372226278
  hi_index: 22.59
- hgnc_id: "HGNC:10000"
  hgnc_symbol: RGS4
  p_hi: 0.307829343
  hi_index: 27.02
- hgnc_id: "HGNC:10001"
  hgnc_symbol: RGS5
  p_hi: 0.254559645
  hi_index: 31.16
- hgnc_id: "HGNC:10002"
  hgnc_symbol: RGS6
  p_hi: 0.590032694
  hi_index: 12.13
- hgnc_id: "HGNC:10003"
  hgnc_symbol: RGS7
  p_hi: 0.625263603
  hi_index: 10.93
- hgnc_id: "HGNC:10004"
  hgnc_symbol: RGS9
  p_hi: 0.076663554
  hi_index: 55.97
- hgnc_id: "HGNC:10006"
  hgnc_symbol: RHAG
  p_hi: 0.112613028
  hi_index: 48.74
- hgnc_id: "HGNC:10007"
  hgnc_symbol: RHBDL1
  p_hi: 0.12245953
  hi_index: 47.03
- hgnc_id: "HGNC:10008"
  hgnc_symbol: RHCE
  p_hi: 0.008358084
  hi_index: 82.29
- hgnc_id: "HGNC:10009"
  hgnc_symbol: RHD
  p_hi: 0.008254663
  hi_index: 82.4
- hgnc_id: "HGNC:1001"
  hgnc_symbol: BCL6
  p_hi: 0.913517921
  hi_index: 3.15
- hgnc_id: "HGNC:10011"
  hgnc_symbol: RHEB
  p_hi: 0.789197392
  hi_index: 6.12
- hgnc_id: "HGNC:10012"
  hgnc_symbol: RHO
  p_hi: 0.941179124
  hi_index: 2.44
- hgnc_id: "HGNC:10013"
  hgnc_symbol: GRK1
  p_hi: 0.090604558
  hi_index: 53.1
- hgnc_id: "HGNC:10017"
  hgnc_symbol: RIT2
  p_hi: 0.362346922
  hi_index: 23.27
- hgnc_id: "HGNC:10018"
  hgnc_symbol: RING1
  p_hi: 0.223170581
  hi_index: 34.04
- hgnc_id: "HGNC:10019"
  hgnc_symbol: RIPK1
  p_hi: 0.094475501
  hi_index: 52.24
- hgnc_id: "HGNC:1002"
  hgnc_symbol: BCL6B
  p_hi: 0.213572706
  hi_index: 35.16
- hgnc_id: "HGNC:10020"
  hgnc_symbol: RIPK2
  p_hi: 0.393221381
  hi_index: 21.18
- hgnc_id: "HGNC:10021"
  hgnc_symbol: RIPK3
  p_hi: 0.001720654
  hi_index: 91.79

