---
source: src/genes/cli/data/mod.rs
expression: records
---
- gene_symbol: A4GALT
  ncbi_gene_id: "53947"
  genomic_location: "chr22:43088121-43117307"
  haploinsufficiency_score: 30
  triplosensitivity_score: 0
  haploinsufficiency_disease_id: ~
  triplosensitivity_disease_id: ~
- gene_symbol: AAGAB
  ncbi_gene_id: "79719"
  genomic_location: "chr15:67493013-67547536"
  haploinsufficiency_score: 3
  triplosensitivity_score: 0
  haploinsufficiency_disease_id: "MONDO:0007858"
  triplosensitivity_disease_id: ~
- gene_symbol: AARS1
  ncbi_gene_id: "16"
  genomic_location: "chr16:70286297-70323412"
  haploinsufficiency_score: 0
  triplosensitivity_score: 0
  haploinsufficiency_disease_id: ~
  triplosensitivity_disease_id: ~
- gene_symbol: AARS2
  ncbi_gene_id: "57505"
  genomic_location: "chr6:44266463-44281063"
  haploinsufficiency_score: 30
  triplosensitivity_score: ~
  haploinsufficiency_disease_id: "MONDO:0014387"
  triplosensitivity_disease_id: ~
- gene_symbol: AASS
  ncbi_gene_id: "10157"
  genomic_location: "chr7:121713598-121784344"
  haploinsufficiency_score: 30
  triplosensitivity_score: ~
  haploinsufficiency_disease_id: "MONDO:0009388"
  triplosensitivity_disease_id: ~
- gene_symbol: ABAT
  ncbi_gene_id: "18"
  genomic_location: "chr16:8768444-8878432"
  haploinsufficiency_score: 30
  triplosensitivity_score: ~
  haploinsufficiency_disease_id: "MONDO:0013166"
  triplosensitivity_disease_id: ~
- gene_symbol: ABCB11
  ncbi_gene_id: "8647"
  genomic_location: "chr2:169779449-169887833"
  haploinsufficiency_score: 30
  triplosensitivity_score: 0
  haploinsufficiency_disease_id: "MONDO:0011156"
  triplosensitivity_disease_id: ~
- gene_symbol: ABCC8
  ncbi_gene_id: "6833"
  genomic_location: "chr11:17414432-17498392"
  haploinsufficiency_score: 30
  triplosensitivity_score: 0
  haploinsufficiency_disease_id: "MONDO:0009734"
  triplosensitivity_disease_id: ~
- gene_symbol: ABCD1
  ncbi_gene_id: "215"
  genomic_location: "chrX:152990323-153010216"
  haploinsufficiency_score: 3
  triplosensitivity_score: 0
  haploinsufficiency_disease_id: "MONDO:0018544"
  triplosensitivity_disease_id: ~
- gene_symbol: ABCG5
  ncbi_gene_id: "64240"
  genomic_location: "chr2:44039611-44065958"
  haploinsufficiency_score: 30
  triplosensitivity_score: ~
  haploinsufficiency_disease_id: "MONDO:0020747"
  triplosensitivity_disease_id: ~
- gene_symbol: ABCG8
  ncbi_gene_id: "64241"
  genomic_location: "chr2:44066103-44105605"
  haploinsufficiency_score: 30
  triplosensitivity_score: 0
  haploinsufficiency_disease_id: "MONDO:0020747"
  triplosensitivity_disease_id: ~
- gene_symbol: ABHD12
  ncbi_gene_id: "26090"
  genomic_location: "chr20:25275379-25371618"
  haploinsufficiency_score: 30
  triplosensitivity_score: 0
  haploinsufficiency_disease_id: "MONDO:0012984"
  triplosensitivity_disease_id: ~
- gene_symbol: ABR
  ncbi_gene_id: "29"
  genomic_location: "chr17:906758-1132974"
  haploinsufficiency_score: 0
  triplosensitivity_score: 0
  haploinsufficiency_disease_id: ~
  triplosensitivity_disease_id: ~
- gene_symbol: ABRAXAS1
  ncbi_gene_id: "84142"
  genomic_location: "chr4:84382092-84406331"
  haploinsufficiency_score: 0
  triplosensitivity_score: 0
  haploinsufficiency_disease_id: ~
  triplosensitivity_disease_id: ~
- gene_symbol: ACAD8
  ncbi_gene_id: "27034"
  genomic_location: "chr11:134123434-134135749"
  haploinsufficiency_score: 30
  triplosensitivity_score: 0
  haploinsufficiency_disease_id: "MONDO:0012648"
  triplosensitivity_disease_id: ~
- gene_symbol: ACADM
  ncbi_gene_id: "34"
  genomic_location: "chr1:76190032-76229364"
  haploinsufficiency_score: 30
  triplosensitivity_score: 0
  haploinsufficiency_disease_id: "MONDO:0008721"
  triplosensitivity_disease_id: ~
- gene_symbol: ACADSB
  ncbi_gene_id: "36"
  genomic_location: "chr10:124768429-124817806"
  haploinsufficiency_score: 30
  triplosensitivity_score: ~
  haploinsufficiency_disease_id: "MONDO:0012392"
  triplosensitivity_disease_id: ~
- gene_symbol: ACADVL
  ncbi_gene_id: "37"
  genomic_location: "chr17:7120444-7128586"
  haploinsufficiency_score: 30
  triplosensitivity_score: 0
  haploinsufficiency_disease_id: "MONDO:0008723"
  triplosensitivity_disease_id: ~
- gene_symbol: ACD
  ncbi_gene_id: "65057"
  genomic_location: "chr16:67691415-67694718"
  haploinsufficiency_score: 1
  triplosensitivity_score: 0
  haploinsufficiency_disease_id: ~
  triplosensitivity_disease_id: ~
- gene_symbol: ACOX1
  ncbi_gene_id: "51"
  genomic_location: "chr17:73937588-73975515"
  haploinsufficiency_score: 30
  triplosensitivity_score: 0
  haploinsufficiency_disease_id: "MONDO:0009919"
  triplosensitivity_disease_id: ~
- gene_symbol: ACP5
  ncbi_gene_id: "54"
  genomic_location: "chr19:11685475-11689823"
  haploinsufficiency_score: 30
  triplosensitivity_score: 0
  haploinsufficiency_disease_id: "MONDO:0011939"
  triplosensitivity_disease_id: ~
- gene_symbol: ACSF3
  ncbi_gene_id: "197322"
  genomic_location: "chr16:89160217-89222254"
  haploinsufficiency_score: 30
  triplosensitivity_score: 0
  haploinsufficiency_disease_id: "MONDO:0013661"
  triplosensitivity_disease_id: ~
- gene_symbol: ACSL4
  ncbi_gene_id: "2182"
  genomic_location: "chrX:108884559-108976632"
  haploinsufficiency_score: 1
  triplosensitivity_score: 0
  haploinsufficiency_disease_id: "MONDO:0010313"
  triplosensitivity_disease_id: ~
- gene_symbol: ACTA2
  ncbi_gene_id: "59"
  genomic_location: "chr10:90694831-90751154"
  haploinsufficiency_score: 1
  triplosensitivity_score: 0
  haploinsufficiency_disease_id: ~
  triplosensitivity_disease_id: ~
- gene_symbol: ACTB
  ncbi_gene_id: "60"
  genomic_location: "chr7:5566779-5570232"
  haploinsufficiency_score: 0
  triplosensitivity_score: 0
  haploinsufficiency_disease_id: "MONDO:0000508"
  triplosensitivity_disease_id: ~
- gene_symbol: ACTC1
  ncbi_gene_id: "70"
  genomic_location: "chr15:35080297-35087927"
  haploinsufficiency_score: 1
  triplosensitivity_score: 0
  haploinsufficiency_disease_id: ~
  triplosensitivity_disease_id: ~
- gene_symbol: ACTL6B
  ncbi_gene_id: "51412"
  genomic_location: "chr7:100240720-100254084"
  haploinsufficiency_score: 30
  triplosensitivity_score: ~
  haploinsufficiency_disease_id: "MONDO:0100062"
  triplosensitivity_disease_id: ~
- gene_symbol: ACVRL1
  ncbi_gene_id: "94"
  genomic_location: "chr12:52301202-52317145"
  haploinsufficiency_score: 3
  triplosensitivity_score: 0
  haploinsufficiency_disease_id: "MONDO:0010880"
  triplosensitivity_disease_id: ~
- gene_symbol: ADA2
  ncbi_gene_id: "51816"
  genomic_location: "chr22:17659680-17702744"
  haploinsufficiency_score: 30
  triplosensitivity_score: ~
  haploinsufficiency_disease_id: "MONDO:0014306"
  triplosensitivity_disease_id: ~
- gene_symbol: ADAM9
  ncbi_gene_id: "8754"
  genomic_location: "chr8:38854505-38962780"
  haploinsufficiency_score: 30
  triplosensitivity_score: 0
  haploinsufficiency_disease_id: "MONDO:0013002"
  triplosensitivity_disease_id: ~
- gene_symbol: ADAMTS13
  ncbi_gene_id: "11093"
  genomic_location: "chr9:136279459-136324525"
  haploinsufficiency_score: 30
  triplosensitivity_score: ~
  haploinsufficiency_disease_id: "MONDO:0010122"
  triplosensitivity_disease_id: ~
- gene_symbol: ADAMTS17
  ncbi_gene_id: "170691"
  genomic_location: "chr15:100511643-100882210"
  haploinsufficiency_score: 30
  triplosensitivity_score: 0
  haploinsufficiency_disease_id: "MONDO:0013176"
  triplosensitivity_disease_id: ~
- gene_symbol: ADAMTS18
  ncbi_gene_id: "170692"
  genomic_location: "chr16:77316025-77469011"
  haploinsufficiency_score: 30
  triplosensitivity_score: 0
  haploinsufficiency_disease_id: "MONDO:0014195"
  triplosensitivity_disease_id: ~
- gene_symbol: ADAMTS2
  ncbi_gene_id: "9509"
  genomic_location: "chr5:178537852-178772431"
  haploinsufficiency_score: 30
  triplosensitivity_score: 0
  haploinsufficiency_disease_id: "MONDO:0009161"
  triplosensitivity_disease_id: ~
- gene_symbol: ADAMTSL2
  ncbi_gene_id: "9719"
  genomic_location: "chr9:136397286-136440641"
  haploinsufficiency_score: 30
  triplosensitivity_score: 0
  haploinsufficiency_disease_id: "MONDO:0009269"
  triplosensitivity_disease_id: ~
- gene_symbol: ADGRG1
  ncbi_gene_id: "9289"
  genomic_location: "chr16:57653605-57698951"
  haploinsufficiency_score: 30
  triplosensitivity_score: 0
  haploinsufficiency_disease_id: "MONDO:0011738"
  triplosensitivity_disease_id: ~
- gene_symbol: ADGRV1
  ncbi_gene_id: "84059"
  genomic_location: "chr5:89854617-90460033"
  haploinsufficiency_score: 30
  triplosensitivity_score: 0
  haploinsufficiency_disease_id: "MONDO:0016484"
  triplosensitivity_disease_id: ~
- gene_symbol: ADNP
  ncbi_gene_id: "23394"
  genomic_location: "chr20:49505455-49547750"
  haploinsufficiency_score: 3
  triplosensitivity_score: 0
  haploinsufficiency_disease_id: "MONDO:0014379"
  triplosensitivity_disease_id: ~
- gene_symbol: ADSL
  ncbi_gene_id: "158"
  genomic_location: "chr22:40742504-40762752"
  haploinsufficiency_score: 30
  triplosensitivity_score: 0
  haploinsufficiency_disease_id: "MONDO:0007068"
  triplosensitivity_disease_id: ~
- gene_symbol: AFF2
  ncbi_gene_id: "2334"
  genomic_location: "chrX:147582139-148082193"
  haploinsufficiency_score: 3
  triplosensitivity_score: 0
  haploinsufficiency_disease_id: "MONDO:0010659"
  triplosensitivity_disease_id: ~
- gene_symbol: AGA
  ncbi_gene_id: "175"
  genomic_location: "chr4:178351928-178363657"
  haploinsufficiency_score: 30
  triplosensitivity_score: ~
  haploinsufficiency_disease_id: "MONDO:0008830"
  triplosensitivity_disease_id: ~
- gene_symbol: AGK
  ncbi_gene_id: "55750"
  genomic_location: "chr7:141251078-141354209"
  haploinsufficiency_score: 30
  triplosensitivity_score: 0
  haploinsufficiency_disease_id: "MONDO:0008922"
  triplosensitivity_disease_id: ~
- gene_symbol: AGPAT2
  ncbi_gene_id: "10555"
  genomic_location: "chr9:139567595-139581911"
  haploinsufficiency_score: 30
  triplosensitivity_score: 0
  haploinsufficiency_disease_id: "MONDO:0012071"
  triplosensitivity_disease_id: ~
- gene_symbol: AGRN
  ncbi_gene_id: "375790"
  genomic_location: "chr1:955503-991499"
  haploinsufficiency_score: 30
  triplosensitivity_score: 0
  haploinsufficiency_disease_id: "MONDO:0014052"
  triplosensitivity_disease_id: ~
- gene_symbol: AGT
  ncbi_gene_id: "183"
  genomic_location: "chr1:230838269-230850336"
  haploinsufficiency_score: 30
  triplosensitivity_score: 0
  haploinsufficiency_disease_id: "MONDO:0009970"
  triplosensitivity_disease_id: ~
- gene_symbol: AGTR2
  ncbi_gene_id: "186"
  genomic_location: "chrX:115301958-115306225"
  haploinsufficiency_score: 0
  triplosensitivity_score: 0
  haploinsufficiency_disease_id: "MONDO:0010454"
  triplosensitivity_disease_id: ~
- gene_symbol: AGXT
  ncbi_gene_id: "189"
  genomic_location: "chr2:241808162-241818536"
  haploinsufficiency_score: 30
  triplosensitivity_score: ~
  haploinsufficiency_disease_id: "MONDO:0009823"
  triplosensitivity_disease_id: ~
- gene_symbol: AHCY
  ncbi_gene_id: "191"
  genomic_location: "chr20:32868071-32899608"
  haploinsufficiency_score: 30
  triplosensitivity_score: 0
  haploinsufficiency_disease_id: "MONDO:0013404"
  triplosensitivity_disease_id: ~
- gene_symbol: AHDC1
  ncbi_gene_id: "27245"
  genomic_location: "chr1:27860756-27930143"
  haploinsufficiency_score: 3
  triplosensitivity_score: 0
  haploinsufficiency_disease_id: "MONDO:0014358"
  triplosensitivity_disease_id: ~
- gene_symbol: AHI1
  ncbi_gene_id: "54806"
  genomic_location: "chr6:135605110-135818903"
  haploinsufficiency_score: 30
  triplosensitivity_score: 0
  haploinsufficiency_disease_id: "MONDO:0012078"
  triplosensitivity_disease_id: ~

