---
source: src/clinvar_minimal/cli/query.rs
expression: "&out_data"
---
{"release":"GRCh37","chromosome":"13","start":95227055,"stop":95227055,"reference":"A","alternative":"G","rcv":"RCV001756758","clinical_significance":2,"review_status":3}
{"release":"GRCh37","chromosome":"13","start":95227093,"stop":95227093,"reference":"T","alternative":"C","rcv":"RCV000975465","clinical_significance":3,"review_status":3}
{"release":"GRCh37","chromosome":"13","start":95227114,"stop":95227114,"reference":"G","alternative":"A","rcv":"RCV000894054","clinical_significance":3,"review_status":3}
{"release":"GRCh37","chromosome":"13","start":95227128,"stop":95227129,"reference":"C","alternative":"CA","rcv":"RCV001674093","clinical_significance":4,"review_status":3}
{"release":"GRCh37","chromosome":"13","start":95227129,"stop":95227129,"reference":"CA","alternative":"C","rcv":"RCV001648355","clinical_significance":4,"review_status":3}
{"release":"GRCh37","chromosome":"13","start":95227139,"stop":95227141,"reference":"AAAG","alternative":"A","rcv":"RCV001695704","clinical_significance":4,"review_status":3}
{"release":"GRCh37","chromosome":"13","start":95227140,"stop":95227141,"reference":"AAG","alternative":"A","rcv":"RCV001616589","clinical_significance":4,"review_status":3}
{"release":"GRCh37","chromosome":"13","start":95227340,"stop":95227340,"reference":"C","alternative":"T","rcv":"RCV001707165","clinical_significance":4,"review_status":3}
{"release":"GRCh37","chromosome":"13","start":95228593,"stop":95228593,"reference":"A","alternative":"G","rcv":"RCV002083442","clinical_significance":3,"review_status":3}
{"release":"GRCh37","chromosome":"13","start":95228658,"stop":95228658,"reference":"T","alternative":"C","rcv":"RCV000149822","clinical_significance":0,"review_status":1}
{"release":"GRCh37","chromosome":"13","start":95228667,"stop":95228667,"reference":"T","alternative":"G","rcv":"RCV003140988","clinical_significance":2,"review_status":3}
{"release":"GRCh37","chromosome":"13","start":95229675,"stop":95229675,"reference":"C","alternative":"G","rcv":"RCV002822699","clinical_significance":2,"review_status":3}
{"release":"GRCh37","chromosome":"13","start":95229697,"stop":95229697,"reference":"A","alternative":"G","rcv":"RCV002076513","clinical_significance":4,"review_status":3}
{"release":"GRCh37","chromosome":"13","start":95229735,"stop":95229735,"reference":"A","alternative":"G","rcv":"RCV001669248","clinical_significance":4,"review_status":3}
{"release":"GRCh37","chromosome":"13","start":95230107,"stop":95230111,"reference":"CTTAAT","alternative":"C","rcv":"RCV001676362","clinical_significance":4,"review_status":3}
{"release":"GRCh37","chromosome":"13","start":95230255,"stop":95230255,"reference":"A","alternative":"T","rcv":"RCV002031328","clinical_significance":2,"review_status":3}
{"release":"GRCh37","chromosome":"13","start":95230291,"stop":95230291,"reference":"C","alternative":"T","rcv":"RCV002738091","clinical_significance":2,"review_status":3}
{"release":"GRCh37","chromosome":"13","start":95230343,"stop":95230343,"reference":"T","alternative":"C","rcv":"RCV002605801","clinical_significance":3,"review_status":3}
{"release":"GRCh37","chromosome":"13","start":95230370,"stop":95230370,"reference":"A","alternative":"C","rcv":"RCV000918201","clinical_significance":3,"review_status":3}
{"release":"GRCh37","chromosome":"13","start":95230384,"stop":95230384,"reference":"A","alternative":"G","rcv":"RCV000149818","clinical_significance":0,"review_status":1}
{"release":"GRCh37","chromosome":"13","start":95230399,"stop":95230399,"reference":"T","alternative":"G","rcv":"RCV003249910","clinical_significance":2,"review_status":3}
{"release":"GRCh37","chromosome":"13","start":95230624,"stop":95230625,"reference":"A","alternative":"AAGTGGCAAACATATT","rcv":"RCV001645456","clinical_significance":4,"review_status":3}
{"release":"GRCh37","chromosome":"13","start":95230877,"stop":95230877,"reference":"G","alternative":"A","rcv":"RCV001649156","clinical_significance":4,"review_status":3}
{"release":"GRCh37","chromosome":"13","start":95230976,"stop":95230976,"reference":"T","alternative":"C","rcv":"RCV000913870","clinical_significance":3,"review_status":3}
{"release":"GRCh37","chromosome":"13","start":95231001,"stop":95231001,"reference":"T","alternative":"C","rcv":"RCV000920899","clinical_significance":3,"review_status":3}
{"release":"GRCh37","chromosome":"13","start":95231235,"stop":95231235,"reference":"T","alternative":"C","rcv":"RCV001676216","clinical_significance":4,"review_status":3}
{"release":"GRCh37","chromosome":"13","start":95231981,"stop":95231981,"reference":"T","alternative":"C","rcv":"RCV001674812","clinical_significance":4,"review_status":3}
{"release":"GRCh37","chromosome":"13","start":95232181,"stop":95232181,"reference":"A","alternative":"C","rcv":"RCV001760634","clinical_significance":2,"review_status":3}
{"release":"GRCh37","chromosome":"13","start":95233331,"stop":95233331,"reference":"C","alternative":"T","rcv":"RCV002712156","clinical_significance":3,"review_status":3}
{"release":"GRCh37","chromosome":"13","start":95233353,"stop":95233353,"reference":"G","alternative":"C","rcv":"RCV002797906","clinical_significance":2,"review_status":3}
{"release":"GRCh37","chromosome":"13","start":95233400,"stop":95233400,"reference":"G","alternative":"T","rcv":"RCV001993954","clinical_significance":2,"review_status":3}
{"release":"GRCh37","chromosome":"13","start":95233409,"stop":95233409,"reference":"T","alternative":"G","rcv":"RCV003140989","clinical_significance":2,"review_status":3}
{"release":"GRCh37","chromosome":"13","start":95233419,"stop":95233419,"reference":"G","alternative":"C","rcv":"RCV003118452","clinical_significance":2,"review_status":3}
{"release":"GRCh37","chromosome":"13","start":95233445,"stop":95233445,"reference":"T","alternative":"C","rcv":"RCV002810053","clinical_significance":1,"review_status":3}
{"release":"GRCh37","chromosome":"13","start":95233607,"stop":95233607,"reference":"G","alternative":"A","rcv":"RCV001710513","clinical_significance":4,"review_status":3}
{"release":"GRCh37","chromosome":"13","start":95235175,"stop":95235175,"reference":"T","alternative":"C","rcv":"RCV001537521","clinical_significance":4,"review_status":3}
{"release":"GRCh37","chromosome":"13","start":95235329,"stop":95235329,"reference":"A","alternative":"G","rcv":"RCV002605013","clinical_significance":3,"review_status":3}
{"release":"GRCh37","chromosome":"13","start":95235339,"stop":95235339,"reference":"T","alternative":"G","rcv":"RCV000975453","clinical_significance":3,"review_status":3}
{"release":"GRCh37","chromosome":"13","start":95235365,"stop":95235365,"reference":"C","alternative":"A","rcv":"RCV002726264","clinical_significance":2,"review_status":3}
{"release":"GRCh37","chromosome":"13","start":95235415,"stop":95235415,"reference":"T","alternative":"C","rcv":"RCV002929671","clinical_significance":2,"review_status":3}
{"release":"GRCh37","chromosome":"13","start":95235457,"stop":95235457,"reference":"T","alternative":"C","rcv":"RCV002652836","clinical_significance":2,"review_status":3}
{"release":"GRCh37","chromosome":"13","start":95235557,"stop":95235557,"reference":"A","alternative":"G","rcv":"RCV001679107","clinical_significance":4,"review_status":3}
{"release":"GRCh37","chromosome":"13","start":95235626,"stop":95235626,"reference":"A","alternative":"T","rcv":"RCV001721615","clinical_significance":4,"review_status":3}
{"release":"GRCh37","chromosome":"13","start":95243106,"stop":95243106,"reference":"C","alternative":"T","rcv":"RCV002510448","clinical_significance":1,"review_status":3}
{"release":"GRCh37","chromosome":"13","start":95243112,"stop":95243112,"reference":"T","alternative":"A","rcv":"RCV002540307","clinical_significance":2,"review_status":3}
{"release":"GRCh37","chromosome":"13","start":95243115,"stop":95243115,"reference":"G","alternative":"A","rcv":"RCV002790047","clinical_significance":1,"review_status":3}
{"release":"GRCh37","chromosome":"13","start":95243122,"stop":95243122,"reference":"C","alternative":"A","rcv":"RCV001092080","clinical_significance":0,"review_status":4}
{"release":"GRCh37","chromosome":"13","start":95243123,"stop":95243123,"reference":"G","alternative":"A","rcv":"RCV000952993","clinical_significance":4,"review_status":3}
{"release":"GRCh37","chromosome":"13","start":95243126,"stop":95243126,"reference":"A","alternative":"C","rcv":"RCV000149820","clinical_significance":0,"review_status":1}
{"release":"GRCh37","chromosome":"13","start":95243134,"stop":95243134,"reference":"G","alternative":"T","rcv":"RCV000622534","clinical_significance":2,"review_status":3}
{"release":"GRCh37","chromosome":"13","start":95243135,"stop":95243135,"reference":"T","alternative":"C","rcv":"RCV003075760","clinical_significance":3,"review_status":3}
{"release":"GRCh37","chromosome":"13","start":95243151,"stop":95243151,"reference":"T","alternative":"C","rcv":"RCV000149819","clinical_significance":0,"review_status":1}
{"release":"GRCh37","chromosome":"13","start":95243156,"stop":95243156,"reference":"T","alternative":"C","rcv":"RCV000931075","clinical_significance":3,"review_status":3}
{"release":"GRCh37","chromosome":"13","start":95243270,"stop":95243270,"reference":"G","alternative":"A","rcv":"RCV001714148","clinical_significance":4,"review_status":3}
{"release":"GRCh37","chromosome":"13","start":95244490,"stop":95244490,"reference":"C","alternative":"T","rcv":"RCV002966071","clinical_significance":4,"review_status":3}
{"release":"GRCh37","chromosome":"13","start":95244537,"stop":95244537,"reference":"A","alternative":"T","rcv":"RCV000624236","clinical_significance":2,"review_status":3}
{"release":"GRCh37","chromosome":"13","start":95244548,"stop":95244548,"reference":"T","alternative":"A","rcv":"RCV001973800","clinical_significance":2,"review_status":3}
{"release":"GRCh37","chromosome":"13","start":95244583,"stop":95244583,"reference":"G","alternative":"C","rcv":"RCV002569866","clinical_significance":3,"review_status":3}
{"release":"GRCh37","chromosome":"13","start":95246122,"stop":95246122,"reference":"T","alternative":"C","rcv":"RCV002093757","clinical_significance":3,"review_status":3}
{"release":"GRCh37","chromosome":"13","start":95246151,"stop":95246151,"reference":"T","alternative":"C","rcv":"RCV000924565","clinical_significance":3,"review_status":3}
{"release":"GRCh37","chromosome":"13","start":95246440,"stop":95246440,"reference":"C","alternative":"T","rcv":"RCV001649008","clinical_significance":4,"review_status":3}
{"release":"GRCh37","chromosome":"13","start":95248289,"stop":95248289,"reference":"C","alternative":"T","rcv":"RCV002136792","clinical_significance":4,"review_status":3}
{"release":"GRCh37","chromosome":"13","start":95248302,"stop":95248302,"reference":"T","alternative":"G","rcv":"RCV002576293","clinical_significance":2,"review_status":3}
{"release":"GRCh37","chromosome":"13","start":95248348,"stop":95248348,"reference":"C","alternative":"T","rcv":"RCV000957904","clinical_significance":4,"review_status":3}
{"release":"GRCh37","chromosome":"13","start":95248354,"stop":95248354,"reference":"G","alternative":"A","rcv":"RCV003198638","clinical_significance":2,"review_status":3}
{"release":"GRCh37","chromosome":"13","start":95248366,"stop":95248366,"reference":"G","alternative":"A","rcv":"RCV003310965","clinical_significance":2,"review_status":3}
{"release":"GRCh37","chromosome":"13","start":95248379,"stop":95248379,"reference":"C","alternative":"T","rcv":"RCV000959128","clinical_significance":4,"review_status":3}
{"release":"GRCh37","chromosome":"13","start":95248566,"stop":95248566,"reference":"C","alternative":"T","rcv":"RCV001653352","clinical_significance":4,"review_status":3}
{"release":"GRCh37","chromosome":"13","start":95248751,"stop":95248751,"reference":"C","alternative":"T","rcv":"RCV001681009","clinical_significance":4,"review_status":3}

