---
source: src/clinvar_minimal/cli/query.rs
expression: "&out_data"
---
{"release":"GRCh37","chromosome":"13","start":95227138,"end":95227141,"reference":"AAAG","alternative":"A","vcv":"VCV001282312","summary_clinvar_pathogenicity":[4],"summary_clinvar_gold_stars":1,"summary_paranoid_pathogenicity":[4],"summary_paranoid_gold_stars":1}

