---
source: src/clinvar_minimal/cli/query.rs
expression: "&out_data"
---
{"release":"GRCh37","chromosome":"13","start":95235557,"stop":95235557,"reference":"A","alternative":"G","vcv":"VCV001273284","reference_assertions":[{"rcv":"RCV001679107","title":"NM_014305.4(TGDS):c.314-67T>C AND not provided","clinical_significance":4,"review_status":3}]}

