---
source: src/pbs/gnomad/gnomad4.rs
expression: records
---
- chrom: chr1
  pos: 11994
  refAllele: T
  altAllele: C
  alleleCounts:
    - cohort: joint
      byAncestryGroup:
        - ancestryGroup: afr
          counts:
            overall: {}
            xx: {}
            xy: {}
          faf95: 0
          faf99: 0
        - ancestryGroup: amr
          counts:
            overall: {}
            xx: {}
            xy: {}
          faf95: 0
          faf99: 0
        - ancestryGroup: asj
          counts:
            overall: {}
            xx: {}
            xy: {}
        - ancestryGroup: eas
          counts:
            overall: {}
            xx: {}
            xy: {}
          faf95: 0
          faf99: 0
        - ancestryGroup: fin
          counts:
            overall: {}
            xx: {}
            xy: {}
        - ancestryGroup: mid
          counts:
            overall: {}
            xx: {}
            xy: {}
        - ancestryGroup: nfe
          counts:
            overall: {}
            xx: {}
            xy: {}
          faf95: 0
          faf99: 0
        - ancestryGroup: remaining
          counts:
            overall: {}
            xx: {}
            xy: {}
        - ancestryGroup: sas
          counts:
            overall: {}
            xx: {}
            xy: {}
          faf95: 0
          faf99: 0
      bySex:
        overall: {}
        xx: {}
        xy: {}
      raw:
        ac: 2
        an: 628784
        nhomalt: 1
        af: 0.00000318074
    - byAncestryGroup:
        - ancestryGroup: afr
          counts:
            overall: {}
            xx: {}
            xy: {}
          faf95: 0
          faf99: 0
        - ancestryGroup: amr
          counts:
            overall: {}
            xx: {}
            xy: {}
          faf95: 0
          faf99: 0
        - ancestryGroup: asj
          counts:
            overall: {}
            xx: {}
            xy: {}
        - ancestryGroup: eas
          counts:
            overall: {}
            xx: {}
            xy: {}
          faf95: 0
          faf99: 0
        - ancestryGroup: fin
          counts:
            overall: {}
            xx: {}
            xy: {}
        - ancestryGroup: mid
          counts:
            overall: {}
            xx: {}
            xy: {}
        - ancestryGroup: nfe
          counts:
            overall: {}
            xx: {}
            xy: {}
          faf95: 0
          faf99: 0
        - ancestryGroup: remaining
          counts:
            overall: {}
            xx: {}
            xy: {}
        - ancestryGroup: sas
          counts:
            overall: {}
            xx: {}
            xy: {}
          faf95: 0
          faf99: 0
      bySex:
        overall: {}
        xx: {}
        xy: {}
      raw:
        ac: 2
        an: 628784
        nhomalt: 1
        af: 0.00000318074
      nhomaltGrpmax: 2147483647
    - cohort: non_ukb
      byAncestryGroup:
        - ancestryGroup: afr
          counts:
            overall: {}
            xx: {}
            xy: {}
          faf95: 0
          faf99: 0
        - ancestryGroup: amr
          counts:
            overall: {}
            xx: {}
            xy: {}
          faf95: 0
          faf99: 0
        - ancestryGroup: asj
          counts:
            overall: {}
            xx: {}
            xy: {}
        - ancestryGroup: eas
          counts:
            overall: {}
            xx: {}
            xy: {}
          faf95: 0
          faf99: 0
        - ancestryGroup: fin
          counts:
            overall: {}
            xx: {}
            xy: {}
        - ancestryGroup: mid
          counts:
            overall: {}
            xx: {}
            xy: {}
        - ancestryGroup: nfe
          counts:
            overall: {}
            xx: {}
            xy: {}
          faf95: 0
          faf99: 0
        - ancestryGroup: remaining
          counts:
            overall: {}
            xx: {}
            xy: {}
        - ancestryGroup: sas
          counts:
            overall: {}
            xx: {}
            xy: {}
          faf95: 0
          faf99: 0
      bySex:
        overall: {}
        xx: {}
        xy: {}
      raw:
        ac: 2
        an: 628784
        nhomalt: 1
        af: 0.00000318074
      nhomaltGrpmax: 2147483647
  outsideUkbCaptureRegion: true
  effectInfo:
    pangolinLargestDs: -0.11
    phylop: 1.088
    caddPhred: 12.56
  variantInfo:
    variantType: snv
    alleleType: snv
    nAltAlleles: 1
    varDp: 1
    asVardp: 2
  qualityInfo:
    asMq: 25
    asQd: 30
    asSor: 2.30259
    asVqslod: -5.2543
    asCulprit: AS_MQ
    asQualApprox: 60
    asSbTable: "0"
    sor: 2.30259
  ageInfo:
    ageHistHomNSmaller: 0
    ageHistHomNLarger: 0
    ageHistHetNSmaller: 0
    ageHistHetNLarger: 0
  depthInfo:
    dpHistAllNLarger: 0
    dpHistAltNLarger: 0
  vrsInfo:
    alleleIds:
      - "ga4gh:VA.ps4-9woXy7o4rS39i8hDK_cUPBa-UcyP"
      - "ga4gh:VA.nHlWYJXgiuvXrLAxQsraJ6r-daZ8ELL-"
    ends:
      - 11994
      - 11994
    starts:
      - 11993
      - 11993
    states:
      - T
      - C
- chrom: chr1
  pos: 12016
  refAllele: G
  altAllele: A
  alleleCounts:
    - cohort: joint
      byAncestryGroup:
        - ancestryGroup: afr
          counts:
            overall: {}
            xx: {}
            xy: {}
          faf95: 0
          faf99: 0
        - ancestryGroup: amr
          counts:
            overall: {}
            xx: {}
            xy: {}
          faf95: 0
          faf99: 0
        - ancestryGroup: asj
          counts:
            overall: {}
            xx: {}
            xy: {}
        - ancestryGroup: eas
          counts:
            overall: {}
            xx: {}
            xy: {}
          faf95: 0
          faf99: 0
        - ancestryGroup: fin
          counts:
            overall: {}
            xx: {}
            xy: {}
        - ancestryGroup: mid
          counts:
            overall: {}
            xx: {}
            xy: {}
        - ancestryGroup: nfe
          counts:
            overall: {}
            xx: {}
            xy: {}
          faf95: 0
          faf99: 0
        - ancestryGroup: remaining
          counts:
            overall: {}
            xx: {}
            xy: {}
        - ancestryGroup: sas
          counts:
            overall: {}
            xx: {}
            xy: {}
          faf95: 0
          faf99: 0
      bySex:
        overall: {}
        xx: {}
        xy: {}
      raw:
        ac: 6
        an: 628784
        nhomalt: 2
        af: 0.00000954223
    - byAncestryGroup:
        - ancestryGroup: afr
          counts:
            overall: {}
            xx: {}
            xy: {}
          faf95: 0
          faf99: 0
        - ancestryGroup: amr
          counts:
            overall: {}
            xx: {}
            xy: {}
          faf95: 0
          faf99: 0
        - ancestryGroup: asj
          counts:
            overall: {}
            xx: {}
            xy: {}
        - ancestryGroup: eas
          counts:
            overall: {}
            xx: {}
            xy: {}
          faf95: 0
          faf99: 0
        - ancestryGroup: fin
          counts:
            overall: {}
            xx: {}
            xy: {}
        - ancestryGroup: mid
          counts:
            overall: {}
            xx: {}
            xy: {}
        - ancestryGroup: nfe
          counts:
            overall: {}
            xx: {}
            xy: {}
          faf95: 0
          faf99: 0
        - ancestryGroup: remaining
          counts:
            overall: {}
            xx: {}
            xy: {}
        - ancestryGroup: sas
          counts:
            overall: {}
            xx: {}
            xy: {}
          faf95: 0
          faf99: 0
      bySex:
        overall: {}
        xx: {}
        xy: {}
      raw:
        ac: 6
        an: 628784
        nhomalt: 2
        af: 0.00000954223
      nhomaltGrpmax: 2147483647
    - cohort: non_ukb
      byAncestryGroup:
        - ancestryGroup: afr
          counts:
            overall: {}
            xx: {}
            xy: {}
          faf95: 0
          faf99: 0
        - ancestryGroup: amr
          counts:
            overall: {}
            xx: {}
            xy: {}
          faf95: 0
          faf99: 0
        - ancestryGroup: asj
          counts:
            overall: {}
            xx: {}
            xy: {}
        - ancestryGroup: eas
          counts:
            overall: {}
            xx: {}
            xy: {}
          faf95: 0
          faf99: 0
        - ancestryGroup: fin
          counts:
            overall: {}
            xx: {}
            xy: {}
        - ancestryGroup: mid
          counts:
            overall: {}
            xx: {}
            xy: {}
        - ancestryGroup: nfe
          counts:
            overall: {}
            xx: {}
            xy: {}
          faf95: 0
          faf99: 0
        - ancestryGroup: remaining
          counts:
            overall: {}
            xx: {}
            xy: {}
        - ancestryGroup: sas
          counts:
            overall: {}
            xx: {}
            xy: {}
          faf95: 0
          faf99: 0
      bySex:
        overall: {}
        xx: {}
        xy: {}
      raw:
        ac: 6
        an: 628784
        nhomalt: 2
        af: 0.00000954223
      nhomaltGrpmax: 2147483647
  outsideUkbCaptureRegion: true
  effectInfo:
    pangolinLargestDs: -0.07
    phylop: 6.552
    caddPhred: 16.01
  variantInfo:
    variantType: snv
    alleleType: snv
    nAltAlleles: 1
    varDp: 1
    asVardp: 12
  qualityInfo:
    asMq: 25
    mqRankSum: 0
    asMqRankSum: 0
    asQd: 21.8333
    readPosRankSum: 0.674
    asReadPosRankSum: 0.674
    asSor: 2.67031
    asVqslod: -2.746
    asCulprit: AS_MQ
    asPabMax: 1
    asQualApprox: 262
    asSbTable: "2"
    sor: 2.67031
  ageInfo:
    ageHistHomNSmaller: 0
    ageHistHomNLarger: 0
    ageHistHetNSmaller: 0
    ageHistHetNLarger: 0
  depthInfo:
    dpHistAllNLarger: 0
    dpHistAltNLarger: 0
  vrsInfo:
    alleleIds:
      - "ga4gh:VA.VFxwcI4knOzk6SHzS2qowyDGnkG3mfEH"
      - "ga4gh:VA.ctgP7qNjQAGjI2eTDopAF-qoBBPmtsW5"
    ends:
      - 12016
      - 12016
    starts:
      - 12015
      - 12015
    states:
      - G
      - A
- chrom: chr1
  pos: 12060
  refAllele: CTGGAG
  altAllele: C
  alleleCounts:
    - cohort: joint
      byAncestryGroup:
        - ancestryGroup: afr
          counts:
            overall: {}
            xx: {}
            xy: {}
          faf95: 0
          faf99: 0
        - ancestryGroup: amr
          counts:
            overall: {}
            xx: {}
            xy: {}
          faf95: 0
          faf99: 0
        - ancestryGroup: asj
          counts:
            overall: {}
            xx: {}
            xy: {}
        - ancestryGroup: eas
          counts:
            overall: {}
            xx: {}
            xy: {}
          faf95: 0
          faf99: 0
        - ancestryGroup: fin
          counts:
            overall: {}
            xx: {}
            xy: {}
        - ancestryGroup: mid
          counts:
            overall: {}
            xx: {}
            xy: {}
        - ancestryGroup: nfe
          counts:
            overall:
              an: 4
            xx:
              an: 2
            xy:
              an: 2
          faf95: 0
          faf99: 0
        - ancestryGroup: remaining
          counts:
            overall: {}
            xx: {}
            xy: {}
        - ancestryGroup: sas
          counts:
            overall: {}
            xx: {}
            xy: {}
          faf95: 0
          faf99: 0
      bySex:
        overall:
          an: 4
        xx:
          an: 2
        xy:
          an: 2
      raw:
        ac: 1
        an: 628784
        af: 0.00000159037
    - byAncestryGroup:
        - ancestryGroup: afr
          counts:
            overall: {}
            xx: {}
            xy: {}
          faf95: 0
          faf99: 0
        - ancestryGroup: amr
          counts:
            overall: {}
            xx: {}
            xy: {}
          faf95: 0
          faf99: 0
        - ancestryGroup: asj
          counts:
            overall: {}
            xx: {}
            xy: {}
        - ancestryGroup: eas
          counts:
            overall: {}
            xx: {}
            xy: {}
          faf95: 0
          faf99: 0
        - ancestryGroup: fin
          counts:
            overall: {}
            xx: {}
            xy: {}
        - ancestryGroup: mid
          counts:
            overall: {}
            xx: {}
            xy: {}
        - ancestryGroup: nfe
          counts:
            overall:
              an: 4
            xx:
              an: 2
            xy:
              an: 2
          faf95: 0
          faf99: 0
        - ancestryGroup: remaining
          counts:
            overall: {}
            xx: {}
            xy: {}
        - ancestryGroup: sas
          counts:
            overall: {}
            xx: {}
            xy: {}
          faf95: 0
          faf99: 0
      bySex:
        overall:
          an: 4
        xx:
          an: 2
        xy:
          an: 2
      raw:
        ac: 1
        an: 628784
        af: 0.00000159037
      nhomaltGrpmax: 2147483647
    - cohort: non_ukb
      byAncestryGroup:
        - ancestryGroup: afr
          counts:
            overall: {}
            xx: {}
            xy: {}
          faf95: 0
          faf99: 0
        - ancestryGroup: amr
          counts:
            overall: {}
            xx: {}
            xy: {}
          faf95: 0
          faf99: 0
        - ancestryGroup: asj
          counts:
            overall: {}
            xx: {}
            xy: {}
        - ancestryGroup: eas
          counts:
            overall: {}
            xx: {}
            xy: {}
          faf95: 0
          faf99: 0
        - ancestryGroup: fin
          counts:
            overall: {}
            xx: {}
            xy: {}
        - ancestryGroup: mid
          counts:
            overall: {}
            xx: {}
            xy: {}
        - ancestryGroup: nfe
          counts:
            overall:
              an: 4
            xx:
              an: 2
            xy:
              an: 2
          faf95: 0
          faf99: 0
        - ancestryGroup: remaining
          counts:
            overall: {}
            xx: {}
            xy: {}
        - ancestryGroup: sas
          counts:
            overall: {}
            xx: {}
            xy: {}
          faf95: 0
          faf99: 0
      bySex:
        overall:
          an: 4
        xx:
          an: 2
        xy:
          an: 2
      raw:
        ac: 1
        an: 628784
        af: 0.00000159037
      nhomaltGrpmax: 2147483647
  outsideUkbCaptureRegion: true
  effectInfo:
    pangolinLargestDs: -0.09
    phylop: -4.405
    caddPhred: 8.517
  variantInfo:
    variantType: indel
    alleleType: del
    nAltAlleles: 1
    varDp: 1
    asVardp: 4
  qualityInfo:
    asMq: 26.0192
    mqRankSum: 0.674
    asMqRankSum: 0.674
    asQd: 30.75
    readPosRankSum: -1.15
    asReadPosRankSum: -1.15
    asSor: 1.60944
    negativeTrainSite: true
    asVqslod: -2.2164
    asCulprit: AS_MQRankSum
    asPabMax: 0.625
    asQualApprox: 123
    asSbTable: "1"
    sor: 1.60944
  ageInfo:
    ageHistHomNSmaller: 0
    ageHistHomNLarger: 0
    ageHistHetNSmaller: 0
    ageHistHetNLarger: 0
  depthInfo:
    dpHistAllNLarger: 0
    dpHistAltNLarger: 0
  vrsInfo:
    alleleIds:
      - "ga4gh:VA.P573ZtUtAaRcceE7NLanEyynSefvcAPL"
      - "ga4gh:VA.CHmk9uDiHW2LIHndZWqNHxD1fN_Ta1vn"
    ends:
      - 12065
      - 12071
    starts:
      - 12059
      - 12060
    states:
      - CTGGAG
      - TGGAGT
- chrom: chr1
  pos: 12074
  refAllele: T
  altAllele: C
  alleleCounts:
    - cohort: joint
      byAncestryGroup:
        - ancestryGroup: afr
          counts:
            overall: {}
            xx: {}
            xy: {}
          faf95: 0
          faf99: 0
        - ancestryGroup: amr
          counts:
            overall: {}
            xx: {}
            xy: {}
          faf95: 0
          faf99: 0
        - ancestryGroup: asj
          counts:
            overall: {}
            xx: {}
            xy: {}
        - ancestryGroup: eas
          counts:
            overall: {}
            xx: {}
            xy: {}
          faf95: 0
          faf99: 0
        - ancestryGroup: fin
          counts:
            overall: {}
            xx: {}
            xy: {}
        - ancestryGroup: mid
          counts:
            overall: {}
            xx: {}
            xy: {}
        - ancestryGroup: nfe
          counts:
            overall:
              an: 4
            xx:
              an: 2
            xy:
              an: 2
          faf95: 0
          faf99: 0
        - ancestryGroup: remaining
          counts:
            overall: {}
            xx: {}
            xy: {}
        - ancestryGroup: sas
          counts:
            overall: {}
            xx: {}
            xy: {}
          faf95: 0
          faf99: 0
      bySex:
        overall:
          an: 4
        xx:
          an: 2
        xy:
          an: 2
      raw:
        ac: 2
        an: 628784
        nhomalt: 1
        af: 0.00000318074
    - byAncestryGroup:
        - ancestryGroup: afr
          counts:
            overall: {}
            xx: {}
            xy: {}
          faf95: 0
          faf99: 0
        - ancestryGroup: amr
          counts:
            overall: {}
            xx: {}
            xy: {}
          faf95: 0
          faf99: 0
        - ancestryGroup: asj
          counts:
            overall: {}
            xx: {}
            xy: {}
        - ancestryGroup: eas
          counts:
            overall: {}
            xx: {}
            xy: {}
          faf95: 0
          faf99: 0
        - ancestryGroup: fin
          counts:
            overall: {}
            xx: {}
            xy: {}
        - ancestryGroup: mid
          counts:
            overall: {}
            xx: {}
            xy: {}
        - ancestryGroup: nfe
          counts:
            overall:
              an: 4
            xx:
              an: 2
            xy:
              an: 2
          faf95: 0
          faf99: 0
        - ancestryGroup: remaining
          counts:
            overall: {}
            xx: {}
            xy: {}
        - ancestryGroup: sas
          counts:
            overall: {}
            xx: {}
            xy: {}
          faf95: 0
          faf99: 0
      bySex:
        overall:
          an: 4
        xx:
          an: 2
        xy:
          an: 2
      raw:
        ac: 2
        an: 628784
        nhomalt: 1
        af: 0.00000318074
      nhomaltGrpmax: 2147483647
    - cohort: non_ukb
      byAncestryGroup:
        - ancestryGroup: afr
          counts:
            overall: {}
            xx: {}
            xy: {}
          faf95: 0
          faf99: 0
        - ancestryGroup: amr
          counts:
            overall: {}
            xx: {}
            xy: {}
          faf95: 0
          faf99: 0
        - ancestryGroup: asj
          counts:
            overall: {}
            xx: {}
            xy: {}
        - ancestryGroup: eas
          counts:
            overall: {}
            xx: {}
            xy: {}
          faf95: 0
          faf99: 0
        - ancestryGroup: fin
          counts:
            overall: {}
            xx: {}
            xy: {}
        - ancestryGroup: mid
          counts:
            overall: {}
            xx: {}
            xy: {}
        - ancestryGroup: nfe
          counts:
            overall:
              an: 4
            xx:
              an: 2
            xy:
              an: 2
          faf95: 0
          faf99: 0
        - ancestryGroup: remaining
          counts:
            overall: {}
            xx: {}
            xy: {}
        - ancestryGroup: sas
          counts:
            overall: {}
            xx: {}
            xy: {}
          faf95: 0
          faf99: 0
      bySex:
        overall:
          an: 4
        xx:
          an: 2
        xy:
          an: 2
      raw:
        ac: 2
        an: 628784
        nhomalt: 1
        af: 0.00000318074
      nhomaltGrpmax: 2147483647
  outsideUkbCaptureRegion: true
  effectInfo:
    pangolinLargestDs: -0.04
    phylop: 6.009
    caddPhred: 15.17
  variantInfo:
    variantType: snv
    alleleType: snv
    nAltAlleles: 1
    varDp: 1
    asVardp: 8
  qualityInfo:
    asMq: 25.6491
    mqRankSum: 0.431
    asMqRankSum: 0.431
    asQd: 12.375
    readPosRankSum: -0.253
    asReadPosRankSum: -0.253
    asSor: 0.693147
    asVqslod: -2.1814
    asCulprit: AS_MQ
    asPabMax: 0.6875
    asQualApprox: 99
    asSbTable: "4"
    sor: 0.693147
  ageInfo:
    ageHistHomNSmaller: 0
    ageHistHomNLarger: 0
    ageHistHetNSmaller: 0
    ageHistHetNLarger: 0
  depthInfo:
    dpHistAllNLarger: 0
    dpHistAltNLarger: 0
  vrsInfo:
    alleleIds:
      - "ga4gh:VA.neBeBT28ISe_1-yKPFsYxntP2jz1pj7E"
      - "ga4gh:VA.1RPHSwBHNUwoECJ9VVK3hf-KasFb1nfl"
    ends:
      - 12074
      - 12074
    starts:
      - 12073
      - 12073
    states:
      - T
      - C
- chrom: chr1
  pos: 12102
  refAllele: G
  altAllele: A
  alleleCounts:
    - cohort: joint
      byAncestryGroup:
        - ancestryGroup: afr
          counts:
            overall: {}
            xx: {}
            xy: {}
          faf95: 0
          faf99: 0
        - ancestryGroup: amr
          counts:
            overall: {}
            xx: {}
            xy: {}
          faf95: 0
          faf99: 0
        - ancestryGroup: asj
          counts:
            overall: {}
            xx: {}
            xy: {}
        - ancestryGroup: eas
          counts:
            overall: {}
            xx: {}
            xy: {}
          faf95: 0
          faf99: 0
        - ancestryGroup: fin
          counts:
            overall: {}
            xx: {}
            xy: {}
        - ancestryGroup: mid
          counts:
            overall: {}
            xx: {}
            xy: {}
        - ancestryGroup: nfe
          counts:
            overall:
              an: 32
            xx:
              an: 16
            xy:
              an: 16
          faf95: 0
          faf99: 0
        - ancestryGroup: remaining
          counts:
            overall: {}
            xx: {}
            xy: {}
        - ancestryGroup: sas
          counts:
            overall: {}
            xx: {}
            xy: {}
          faf95: 0
          faf99: 0
      bySex:
        overall:
          an: 32
        xx:
          an: 16
        xy:
          an: 16
      raw:
        ac: 2
        an: 628784
        nhomalt: 1
        af: 0.00000318074
    - byAncestryGroup:
        - ancestryGroup: afr
          counts:
            overall: {}
            xx: {}
            xy: {}
          faf95: 0
          faf99: 0
        - ancestryGroup: amr
          counts:
            overall: {}
            xx: {}
            xy: {}
          faf95: 0
          faf99: 0
        - ancestryGroup: asj
          counts:
            overall: {}
            xx: {}
            xy: {}
        - ancestryGroup: eas
          counts:
            overall: {}
            xx: {}
            xy: {}
          faf95: 0
          faf99: 0
        - ancestryGroup: fin
          counts:
            overall: {}
            xx: {}
            xy: {}
        - ancestryGroup: mid
          counts:
            overall: {}
            xx: {}
            xy: {}
        - ancestryGroup: nfe
          counts:
            overall:
              an: 32
            xx:
              an: 16
            xy:
              an: 16
          faf95: 0
          faf99: 0
        - ancestryGroup: remaining
          counts:
            overall: {}
            xx: {}
            xy: {}
        - ancestryGroup: sas
          counts:
            overall: {}
            xx: {}
            xy: {}
          faf95: 0
          faf99: 0
      bySex:
        overall:
          an: 32
        xx:
          an: 16
        xy:
          an: 16
      raw:
        ac: 2
        an: 628784
        nhomalt: 1
        af: 0.00000318074
      nhomaltGrpmax: 2147483647
    - cohort: non_ukb
      byAncestryGroup:
        - ancestryGroup: afr
          counts:
            overall: {}
            xx: {}
            xy: {}
          faf95: 0
          faf99: 0
        - ancestryGroup: amr
          counts:
            overall: {}
            xx: {}
            xy: {}
          faf95: 0
          faf99: 0
        - ancestryGroup: asj
          counts:
            overall: {}
            xx: {}
            xy: {}
        - ancestryGroup: eas
          counts:
            overall: {}
            xx: {}
            xy: {}
          faf95: 0
          faf99: 0
        - ancestryGroup: fin
          counts:
            overall: {}
            xx: {}
            xy: {}
        - ancestryGroup: mid
          counts:
            overall: {}
            xx: {}
            xy: {}
        - ancestryGroup: nfe
          counts:
            overall:
              an: 32
            xx:
              an: 16
            xy:
              an: 16
          faf95: 0
          faf99: 0
        - ancestryGroup: remaining
          counts:
            overall: {}
            xx: {}
            xy: {}
        - ancestryGroup: sas
          counts:
            overall: {}
            xx: {}
            xy: {}
          faf95: 0
          faf99: 0
      bySex:
        overall:
          an: 32
        xx:
          an: 16
        xy:
          an: 16
      raw:
        ac: 2
        an: 628784
        nhomalt: 1
        af: 0.00000318074
      nhomaltGrpmax: 2147483647
  outsideUkbCaptureRegion: true
  effectInfo:
    pangolinLargestDs: -0.08
    phylop: 1.383
    caddPhred: 4.416
  variantInfo:
    variantType: snv
    alleleType: snv
    nAltAlleles: 1
    varDp: 1
    asVardp: 4
  qualityInfo:
    asMq: 24.5459
    asQd: 22.5
    asSor: 3.2581
    asVqslod: -2.8648
    asCulprit: AS_MQ
    asQualApprox: 90
    asSbTable: "0"
    sor: 3.2581
  ageInfo:
    ageHistHomNSmaller: 0
    ageHistHomNLarger: 0
    ageHistHetNSmaller: 0
    ageHistHetNLarger: 0
  depthInfo:
    dpHistAllNLarger: 0
    dpHistAltNLarger: 0
  vrsInfo:
    alleleIds:
      - "ga4gh:VA.ZXRhPWtip8HseOMWpCnaja0-ATo8hLE1"
      - "ga4gh:VA.Qi95g6E8nt6DaqTGpH5JX9x4n-pi-kBO"
    ends:
      - 12102
      - 12102
    starts:
      - 12101
      - 12101
    states:
      - G
      - A
- chrom: chr1
  pos: 12106
  refAllele: T
  altAllele: G
  alleleCounts:
    - cohort: joint
      byAncestryGroup:
        - ancestryGroup: afr
          counts:
            overall: {}
            xx: {}
            xy: {}
          faf95: 0
          faf99: 0
        - ancestryGroup: amr
          counts:
            overall: {}
            xx: {}
            xy: {}
          faf95: 0
          faf99: 0
        - ancestryGroup: asj
          counts:
            overall: {}
            xx: {}
            xy: {}
        - ancestryGroup: eas
          counts:
            overall: {}
            xx: {}
            xy: {}
          faf95: 0
          faf99: 0
        - ancestryGroup: fin
          counts:
            overall: {}
            xx: {}
            xy: {}
        - ancestryGroup: mid
          counts:
            overall: {}
            xx: {}
            xy: {}
        - ancestryGroup: nfe
          counts:
            overall:
              an: 32
            xx:
              an: 16
            xy:
              an: 16
          faf95: 0
          faf99: 0
        - ancestryGroup: remaining
          counts:
            overall:
              an: 2
            xx: {}
            xy:
              an: 2
        - ancestryGroup: sas
          counts:
            overall: {}
            xx: {}
            xy: {}
          faf95: 0
          faf99: 0
      bySex:
        overall:
          an: 34
        xx:
          an: 16
        xy:
          an: 18
      raw:
        ac: 3
        an: 628784
        nhomalt: 1
        af: 0.00000477111
    - byAncestryGroup:
        - ancestryGroup: afr
          counts:
            overall: {}
            xx: {}
            xy: {}
          faf95: 0
          faf99: 0
        - ancestryGroup: amr
          counts:
            overall: {}
            xx: {}
            xy: {}
          faf95: 0
          faf99: 0
        - ancestryGroup: asj
          counts:
            overall: {}
            xx: {}
            xy: {}
        - ancestryGroup: eas
          counts:
            overall: {}
            xx: {}
            xy: {}
          faf95: 0
          faf99: 0
        - ancestryGroup: fin
          counts:
            overall: {}
            xx: {}
            xy: {}
        - ancestryGroup: mid
          counts:
            overall: {}
            xx: {}
            xy: {}
        - ancestryGroup: nfe
          counts:
            overall:
              an: 32
            xx:
              an: 16
            xy:
              an: 16
          faf95: 0
          faf99: 0
        - ancestryGroup: remaining
          counts:
            overall:
              an: 2
            xx: {}
            xy:
              an: 2
        - ancestryGroup: sas
          counts:
            overall: {}
            xx: {}
            xy: {}
          faf95: 0
          faf99: 0
      bySex:
        overall:
          an: 34
        xx:
          an: 16
        xy:
          an: 18
      raw:
        ac: 3
        an: 628784
        nhomalt: 1
        af: 0.00000477111
      nhomaltGrpmax: 2147483647
    - cohort: non_ukb
      byAncestryGroup:
        - ancestryGroup: afr
          counts:
            overall: {}
            xx: {}
            xy: {}
          faf95: 0
          faf99: 0
        - ancestryGroup: amr
          counts:
            overall: {}
            xx: {}
            xy: {}
          faf95: 0
          faf99: 0
        - ancestryGroup: asj
          counts:
            overall: {}
            xx: {}
            xy: {}
        - ancestryGroup: eas
          counts:
            overall: {}
            xx: {}
            xy: {}
          faf95: 0
          faf99: 0
        - ancestryGroup: fin
          counts:
            overall: {}
            xx: {}
            xy: {}
        - ancestryGroup: mid
          counts:
            overall: {}
            xx: {}
            xy: {}
        - ancestryGroup: nfe
          counts:
            overall:
              an: 32
            xx:
              an: 16
            xy:
              an: 16
          faf95: 0
          faf99: 0
        - ancestryGroup: remaining
          counts:
            overall:
              an: 2
            xx: {}
            xy:
              an: 2
        - ancestryGroup: sas
          counts:
            overall: {}
            xx: {}
            xy: {}
          faf95: 0
          faf99: 0
      bySex:
        overall:
          an: 34
        xx:
          an: 16
        xy:
          an: 18
      raw:
        ac: 3
        an: 628784
        nhomalt: 1
        af: 0.00000477111
      nhomaltGrpmax: 2147483647
  outsideUkbCaptureRegion: true
  effectInfo:
    pangolinLargestDs: -0.05
    phylop: -6.637
    caddPhred: 0.378
  variantInfo:
    variantType: snv
    alleleType: snv
    nAltAlleles: 1
    varDp: 1
    asVardp: 9
  qualityInfo:
    asMq: 25.2872
    mqRankSum: 1.383
    asMqRankSum: 1.383
    asQd: 13.5556
    readPosRankSum: 0
    asReadPosRankSum: 0
    asSor: 0.891998
    asVqslod: -2.2938
    asCulprit: AS_MQ
    asPabMax: 1
    asQualApprox: 122
    asSbTable: "4"
    sor: 0.891998
  ageInfo:
    ageHistHomNSmaller: 0
    ageHistHomNLarger: 0
    ageHistHetNSmaller: 0
    ageHistHetNLarger: 0
  depthInfo:
    dpHistAllNLarger: 0
    dpHistAltNLarger: 0
  vrsInfo:
    alleleIds:
      - "ga4gh:VA.Ob1u__shno_l_iair9gbdjKRjP6jC9DZ"
      - "ga4gh:VA.gq0q3VT27uNilBSdP_NU9S_jxB3uvJNV"
    ends:
      - 12106
      - 12106
    starts:
      - 12105
      - 12105
    states:
      - T
      - G

