---
source: src/regions/cli/query.rs
expression: "&out_data"
---
{"iscaId":"ISCA-46733","iscaRegionName":"Xq24 population region (DGV_Gold_Standard_June_2021_gssvG41158)","genomicLocation":"chrX:120006512-120123897","haploinsufficiencyScore":"ClingenDosageScore_NO_EVIDENCE_AVAILABLE","triplosensitivityScore":"ClingenDosageScore_UNLIKELY"}

