---
source: src/server/run/versions.rs
expression: "&spec"
---
dc.identifier: "annonars/seqvars/helixmtdb:20200327+0.33.0-grch37"
dc.title: annonars HelixMtDb RocksDB Database
dc.creator: "Helix OpCo, LLC"
dc.contributor:
  - VarFish Developer Teams
dc.format: application/x-rocksdb
dc.date: "20240105"
x-version: 20200327+0.33.0
x-genome-release: grch37
dc.description: "RocksDB with the information from HelixMtDb v20200327 imported using\nthe annonars package v0.33.0 in varfish-downloader\nv0.3.1.dev42+g3a332a0.d20240105.\n"
dc.source:
  - "https://www.helix.com/pages/mitochondrial-variant-database"
x-created-from:
  - name: HelixMtdB
    version: "20200327"
