---
source: src/dbsnp/cli/query.rs
expression: "&out_data"
---
{"chrom":"17","pos":41267746,"refAllele":"C","altAllele":"A","rsId":80357446}
{"chrom":"17","pos":41267746,"refAllele":"C","altAllele":"CA","rsId":431825385}
{"chrom":"17","pos":41267746,"refAllele":"C","altAllele":"T","rsId":80357446}
{"chrom":"17","pos":41267746,"refAllele":"CA","altAllele":"C","rsId":80357951}
{"chrom":"17","pos":41267747,"refAllele":"A","altAllele":"C","rsId":80357327}
{"chrom":"17","pos":41267747,"refAllele":"A","altAllele":"G","rsId":80357327}
{"chrom":"17","pos":41267747,"refAllele":"A","altAllele":"T","rsId":80357327}
{"chrom":"17","pos":41267749,"refAllele":"A","altAllele":"G","rsId":1298544053}
{"chrom":"17","pos":41267752,"refAllele":"AT","altAllele":"A","rsId":80357943}
{"chrom":"17","pos":41267753,"refAllele":"T","altAllele":"C","rsId":80357163}
{"chrom":"17","pos":41267753,"refAllele":"T","altAllele":"G","rsId":80357163}
{"chrom":"17","pos":41267754,"refAllele":"G","altAllele":"A","rsId":786202211}
{"chrom":"17","pos":41267754,"refAllele":"GT","altAllele":"G","rsId":397508847}
{"chrom":"17","pos":41267755,"refAllele":"T","altAllele":"A","rsId":80357276}
{"chrom":"17","pos":41267755,"refAllele":"T","altAllele":"C","rsId":80357276}
{"chrom":"17","pos":41267756,"refAllele":"G","altAllele":"T","rsId":1060502353}
{"chrom":"17","pos":41267757,"refAllele":"G","altAllele":"A","rsId":1060504580}
{"chrom":"17","pos":41267758,"refAllele":"TCA","altAllele":"T","rsId":80357972}
{"chrom":"17","pos":41267759,"refAllele":"C","altAllele":"T","rsId":879255290}
{"chrom":"17","pos":41267760,"refAllele":"A","altAllele":"C","rsId":886040898}
{"chrom":"17","pos":41267761,"refAllele":"C","altAllele":"A","rsId":80357498}
{"chrom":"17","pos":41267761,"refAllele":"C","altAllele":"T","rsId":80357498}
{"chrom":"17","pos":41267762,"refAllele":"A","altAllele":"C","rsId":80357164}
{"chrom":"17","pos":41267762,"refAllele":"A","altAllele":"G","rsId":80357164}
{"chrom":"17","pos":41267762,"refAllele":"A","altAllele":"T","rsId":80357164}
{"chrom":"17","pos":41267763,"refAllele":"C","altAllele":"A","rsId":1800062}
{"chrom":"17","pos":41267763,"refAllele":"C","altAllele":"T","rsId":1800062}
{"chrom":"17","pos":41267763,"refAllele":"CTT","altAllele":"C","rsId":80357949}
{"chrom":"17","pos":41267766,"refAllele":"T","altAllele":"A","rsId":1293537445}
{"chrom":"17","pos":41267767,"refAllele":"G","altAllele":"C","rsId":80356880}
{"chrom":"17","pos":41267767,"refAllele":"G","altAllele":"T","rsId":80356880}
{"chrom":"17","pos":41267770,"refAllele":"G","altAllele":"T","rsId":183557525}
{"chrom":"17","pos":41267771,"refAllele":"A","altAllele":"T","rsId":905812561}
{"chrom":"17","pos":41267771,"refAllele":"AGACAG","altAllele":"A","rsId":886039920}
{"chrom":"17","pos":41267771,"refAllele":"AGACAGGTT","altAllele":"A","rsId":886040338}
{"chrom":"17","pos":41267773,"refAllele":"A","altAllele":"C","rsId":1235706456}
{"chrom":"17","pos":41267774,"refAllele":"C","altAllele":"A","rsId":879255284}
{"chrom":"17","pos":41267774,"refAllele":"CA","altAllele":"C","rsId":886039922}
{"chrom":"17","pos":41267775,"refAllele":"AG","altAllele":"A","rsId":80357750}
{"chrom":"17","pos":41267776,"refAllele":"G","altAllele":"A","rsId":786203319}
{"chrom":"17","pos":41267777,"refAllele":"G","altAllele":"A","rsId":1064793357}
{"chrom":"17","pos":41267779,"refAllele":"T","altAllele":"G","rsId":876660844}
{"chrom":"17","pos":41267780,"refAllele":"C","altAllele":"G","rsId":80357066}
{"chrom":"17","pos":41267783,"refAllele":"TG","altAllele":"T","rsId":886040332}
{"chrom":"17","pos":41267784,"refAllele":"G","altAllele":"C","rsId":80357000}
{"chrom":"17","pos":41267788,"refAllele":"A","altAllele":"T","rsId":397509331}
{"chrom":"17","pos":41267790,"refAllele":"C","altAllele":"T","rsId":1343667553}
{"chrom":"17","pos":41267791,"refAllele":"T","altAllele":"C","rsId":773841328}
{"chrom":"17","pos":41267792,"refAllele":"C","altAllele":"A","rsId":80357443}
{"chrom":"17","pos":41267792,"refAllele":"CCA","altAllele":"C","rsId":80357728}

