---
source: src/clinvar_sv/cli/query.rs
expression: "&out_data"
---
{"release":"GRCh37","chromosome":"X","start":155210040,"stop":155242832,"innerStart":155210040,"outerStart":155242832,"vcv":"VCV000057500","referenceAssertions":[{"rcv":"RCV000051210","title":"GRCh38/hg38 Xq28(chrX:155980375-156013167)x0 AND See cases","clinicalSignificance":"CLINICAL_SIGNIFICANCE_LIKELY_BENIGN","reviewStatus":"REVIEW_STATUS_CRITERIA_PROVIDED_MULTIPLE_SUBMITTERS_NO_CONFLICTS"}]}
{"release":"GRCh37","chromosome":"7","start":64691936,"stop":64866073,"innerStart":64691936,"outerStart":64866073,"vcv":"VCV000057566","referenceAssertions":[{"rcv":"RCV000051294","title":"GRCh38/hg38 7q11.21(chr7:65231558-65401160)x1 AND See cases","clinicalSignificance":"CLINICAL_SIGNIFICANCE_LIKELY_PATHOGENIC","reviewStatus":"REVIEW_STATUS_CRITERIA_PROVIDED_MULTIPLE_SUBMITTERS_NO_CONFLICTS"}]}
{"release":"GRCh37","chromosome":"22","start":34150132,"stop":34182300,"innerStart":34150132,"outerStart":34182300,"vcv":"VCV000057627","referenceAssertions":[{"rcv":"RCV000051361","title":"GRCh38/hg38 22q12.3(chr22:33754145-33786313)x1 AND See cases","reviewStatus":"REVIEW_STATUS_CRITERIA_PROVIDED_MULTIPLE_SUBMITTERS_NO_CONFLICTS"}]}
{"release":"GRCh37","chromosome":"X","start":73055208,"stop":73059460,"innerStart":73055208,"outerStart":73059460,"vcv":"VCV000057653","referenceAssertions":[{"rcv":"RCV000051388","title":"GRCh38/hg38 Xq13.2(chrX:73835373-73839625)x1 AND See cases","clinicalSignificance":"CLINICAL_SIGNIFICANCE_LIKELY_PATHOGENIC","reviewStatus":"REVIEW_STATUS_CRITERIA_PROVIDED_MULTIPLE_SUBMITTERS_NO_CONFLICTS"}]}
{"release":"GRCh37","chromosome":"X","start":78605903,"stop":79090819,"innerStart":78605903,"outerStart":79090819,"vcv":"VCV000057654","referenceAssertions":[{"rcv":"RCV000051389","title":"GRCh38/hg38 Xq21.1(chrX:79350406-79835322)x0 AND See cases","clinicalSignificance":"CLINICAL_SIGNIFICANCE_LIKELY_PATHOGENIC","reviewStatus":"REVIEW_STATUS_CRITERIA_PROVIDED_MULTIPLE_SUBMITTERS_NO_CONFLICTS"}]}
{"release":"GRCh37","chromosome":"X","start":89330088,"stop":89853974,"innerStart":89330088,"outerStart":89853974,"vcv":"VCV000057686","referenceAssertions":[{"rcv":"RCV000051424","title":"GRCh38/hg38 Xq21.31(chrX:90075089-90598975)x1 AND See cases","clinicalSignificance":"CLINICAL_SIGNIFICANCE_LIKELY_PATHOGENIC","reviewStatus":"REVIEW_STATUS_CRITERIA_PROVIDED_MULTIPLE_SUBMITTERS_NO_CONFLICTS"}]}
{"release":"GRCh37","chromosome":"X","start":102885179,"stop":102967225,"innerStart":102885179,"outerStart":102967225,"vcv":"VCV000057688","referenceAssertions":[{"rcv":"RCV000051426","title":"GRCh38/hg38 Xq22.2(chrX:103630251-103712297)x1 AND See cases","clinicalSignificance":"CLINICAL_SIGNIFICANCE_LIKELY_PATHOGENIC","reviewStatus":"REVIEW_STATUS_CRITERIA_PROVIDED_MULTIPLE_SUBMITTERS_NO_CONFLICTS"}]}
{"release":"GRCh37","chromosome":"1","start":196757278,"stop":196796716,"innerStart":196757278,"outerStart":196796716,"vcv":"VCV000058538","referenceAssertions":[{"rcv":"RCV000052307","title":"GRCh38/hg38 1q31.3(chr1:196788148-196827586)x1 AND See cases","reviewStatus":"REVIEW_STATUS_CRITERIA_PROVIDED_MULTIPLE_SUBMITTERS_NO_CONFLICTS"}]}
{"release":"GRCh37","chromosome":"7","start":27194426,"stop":27461954,"innerStart":27194426,"outerStart":27461954,"vcv":"VCV000058544","referenceAssertions":[{"rcv":"RCV000052313","title":"GRCh38/hg38 7p15.2(chr7:27154807-27422335)x1 AND See cases","reviewStatus":"REVIEW_STATUS_CRITERIA_PROVIDED_MULTIPLE_SUBMITTERS_NO_CONFLICTS"}]}
{"release":"GRCh37","chromosome":"X","start":8595045,"stop":8704378,"innerStart":8595045,"outerStart":8704378,"variantType":"VARIANT_TYPE_DELETION","vcv":"VCV000058565","referenceAssertions":[{"rcv":"RCV000052334","title":"GRCh38/hg38 Xp22.31(chrX:8627004-8736337)x2 AND See cases","clinicalSignificance":"CLINICAL_SIGNIFICANCE_LIKELY_PATHOGENIC","reviewStatus":"REVIEW_STATUS_CRITERIA_PROVIDED_MULTIPLE_SUBMITTERS_NO_CONFLICTS"}]}
{"release":"GRCh37","chromosome":"X","start":8596894,"stop":8705494,"innerStart":8596894,"outerStart":8705494,"variantType":"VARIANT_TYPE_DELETION","vcv":"VCV000058566","referenceAssertions":[{"rcv":"RCV000052337","title":"GRCh38/hg38 Xp22.31(chrX:8628853-8737453)x2 AND See cases","clinicalSignificance":"CLINICAL_SIGNIFICANCE_LIKELY_PATHOGENIC","reviewStatus":"REVIEW_STATUS_CRITERIA_PROVIDED_MULTIPLE_SUBMITTERS_NO_CONFLICTS"}]}
{"release":"GRCh37","chromosome":"X","start":8597747,"stop":8674356,"innerStart":8597747,"outerStart":8674356,"variantType":"VARIANT_TYPE_DELETION","vcv":"VCV000058567","referenceAssertions":[{"rcv":"RCV000052338","title":"GRCh38/hg38 Xp22.31(chrX:8629706-8706315)x3 AND See cases","clinicalSignificance":"CLINICAL_SIGNIFICANCE_LIKELY_PATHOGENIC","reviewStatus":"REVIEW_STATUS_CRITERIA_PROVIDED_CONFLICTING_INTERPRETATIONS"}]}
{"release":"GRCh37","chromosome":"X","start":28777940,"stop":29112528,"innerStart":28777940,"outerStart":29112528,"variantType":"VARIANT_TYPE_DELETION","vcv":"VCV000058611","referenceAssertions":[{"rcv":"RCV000052386","title":"GRCh38/hg38 Xp21.3(chrX:28759823-29094411)x2 AND See cases","reviewStatus":"REVIEW_STATUS_CRITERIA_PROVIDED_MULTIPLE_SUBMITTERS_NO_CONFLICTS"}]}
{"release":"GRCh37","chromosome":"X","start":29731388,"stop":29759068,"innerStart":29731388,"outerStart":29759068,"variantType":"VARIANT_TYPE_DELETION","vcv":"VCV000058612","referenceAssertions":[{"rcv":"RCV000052387","title":"GRCh38/hg38 Xp21.2(chrX:29713271-29740951)x3 AND See cases","reviewStatus":"REVIEW_STATUS_CRITERIA_PROVIDED_MULTIPLE_SUBMITTERS_NO_CONFLICTS"}]}
{"release":"GRCh37","chromosome":"X","start":32680483,"stop":32777081,"innerStart":32680483,"outerStart":32777081,"variantType":"VARIANT_TYPE_DELETION","vcv":"VCV000058614","referenceAssertions":[{"rcv":"RCV000052389","title":"GRCh38/hg38 Xp21.1(chrX:32662366-32758964)x2 AND See cases","reviewStatus":"REVIEW_STATUS_CRITERIA_PROVIDED_MULTIPLE_SUBMITTERS_NO_CONFLICTS"}]}
{"release":"GRCh37","chromosome":"X","start":105135228,"stop":105669012,"innerStart":105135228,"outerStart":105669012,"variantType":"VARIANT_TYPE_DELETION","vcv":"VCV000058665","referenceAssertions":[{"rcv":"RCV000052442","title":"GRCh38/hg38 Xq22.3(chrX:105891235-106425782)x2 AND See cases","reviewStatus":"REVIEW_STATUS_CRITERIA_PROVIDED_MULTIPLE_SUBMITTERS_NO_CONFLICTS"}]}
{"release":"GRCh37","chromosome":"Y","start":2651665,"stop":4972987,"innerStart":2651665,"outerStart":4972987,"variantType":"VARIANT_TYPE_DELETION","vcv":"VCV000058795","referenceAssertions":[{"rcv":"RCV000052584","title":"GRCh38/hg38 Yp11.2(chrY:2783624-5104946)x2 AND See cases","reviewStatus":"REVIEW_STATUS_CRITERIA_PROVIDED_MULTIPLE_SUBMITTERS_NO_CONFLICTS"}]}
{"release":"GRCh37","chromosome":"Y","start":2654967,"stop":2862993,"innerStart":2654967,"outerStart":2862993,"variantType":"VARIANT_TYPE_DELETION","vcv":"VCV000058800","referenceAssertions":[{"rcv":"RCV000052589","title":"GRCh38/hg38 Yp11.2(chrY:2786926-2994952)x2 AND See cases","reviewStatus":"REVIEW_STATUS_CRITERIA_PROVIDED_MULTIPLE_SUBMITTERS_NO_CONFLICTS"}]}
{"release":"GRCh37","chromosome":"19","start":54104552,"stop":54276282,"innerStart":54104552,"outerStart":54276282,"variantType":"VARIANT_TYPE_DELETION","vcv":"VCV000058805","referenceAssertions":[{"rcv":"RCV000052594","title":"GRCh38/hg38 19q13.42(chr19:53601298-53773028)x3 AND See cases","clinicalSignificance":"CLINICAL_SIGNIFICANCE_LIKELY_PATHOGENIC","reviewStatus":"REVIEW_STATUS_CRITERIA_PROVIDED_MULTIPLE_SUBMITTERS_NO_CONFLICTS"}]}
{"release":"GRCh37","chromosome":"X","start":8595045,"stop":8704378,"innerStart":8595045,"outerStart":8704378,"variantType":"VARIANT_TYPE_DELETION","vcv":"VCV000144128","referenceAssertions":[{"rcv":"RCV000052335","title":"GRCh38/hg38 Xp22.31(chrX:8627004-8736337)x3 AND See cases","clinicalSignificance":"CLINICAL_SIGNIFICANCE_LIKELY_PATHOGENIC","reviewStatus":"REVIEW_STATUS_CRITERIA_PROVIDED_MULTIPLE_SUBMITTERS_NO_CONFLICTS"}]}

