---
source: src/genes/cli/data.rs
expression: records
---
- hgnc_id: "HGNC:100"
  s_het: 0.019
- hgnc_id: "HGNC:10000"
  s_het: 0.004
- hgnc_id: "HGNC:10001"
  s_het: 0.006
- hgnc_id: "HGNC:10002"
  s_het: 0.011
- hgnc_id: "HGNC:10003"
  s_het: 0.025
- hgnc_id: "HGNC:10004"
  s_het: 0.007
- hgnc_id: "HGNC:10006"
  s_het: 0.006
- hgnc_id: "HGNC:10007"
  s_het: 0.00079
- hgnc_id: "HGNC:10008"
  s_het: 0.015
- hgnc_id: "HGNC:10009"
  s_het: 0.007
- hgnc_id: "HGNC:1001"
  s_het: 0.023
- hgnc_id: "HGNC:10011"
  s_het: 0.014
- hgnc_id: "HGNC:10012"
  s_het: 0.003
- hgnc_id: "HGNC:10017"
  s_het: 0.006
- hgnc_id: "HGNC:10018"
  s_het: 0.014
- hgnc_id: "HGNC:10019"
  s_het: 0.014
- hgnc_id: "HGNC:1002"
  s_het: 0.01
- hgnc_id: "HGNC:10020"
  s_het: 0.015
- hgnc_id: "HGNC:10023"
  s_het: 0.013
- hgnc_id: "HGNC:10024"
  s_het: 0.005
- hgnc_id: "HGNC:10025"
  s_het: 0.074
- hgnc_id: "HGNC:10026"
  s_het: 0.003
- hgnc_id: "HGNC:10027"
  s_het: 0.003
- hgnc_id: "HGNC:1004"
  s_het: 0.004
- hgnc_id: "HGNC:10044"
  s_het: 0.006
- hgnc_id: "HGNC:10045"
  s_het: 0.00061
- hgnc_id: "HGNC:10046"
  s_het: 0.00144
- hgnc_id: "HGNC:10047"
  s_het: 0.00125
- hgnc_id: "HGNC:10048"
  s_het: 0.00173
- hgnc_id: "HGNC:1005"
  s_het: 0.014
- hgnc_id: "HGNC:10050"
  s_het: 0.007
- hgnc_id: "HGNC:10055"
  s_het: 0.00175
- hgnc_id: "HGNC:10056"
  s_het: 0.005
- hgnc_id: "HGNC:10057"
  s_het: 0.008
- hgnc_id: "HGNC:10058"
  s_het: 0.005
- hgnc_id: "HGNC:1006"
  s_het: 0.008
- hgnc_id: "HGNC:10061"
  s_het: 0.006
- hgnc_id: "HGNC:10062"
  s_het: 0.017
- hgnc_id: "HGNC:10063"
  s_het: 0.006
- hgnc_id: "HGNC:10064"
  s_het: 0.036
- hgnc_id: "HGNC:10065"
  s_het: 0.037
- hgnc_id: "HGNC:10066"
  s_het: 0.014
- hgnc_id: "HGNC:10067"
  s_het: 0.008
- hgnc_id: "HGNC:10068"
  s_het: 0.004
- hgnc_id: "HGNC:10069"
  s_het: 0.017
- hgnc_id: "HGNC:10070"
  s_het: 0.005
- hgnc_id: "HGNC:10071"
  s_het: 0.032
- hgnc_id: "HGNC:10072"
  s_het: 0.005
- hgnc_id: "HGNC:10073"
  s_het: 0.02
- hgnc_id: "HGNC:10074"
  s_het: 0.005
- hgnc_id: "HGNC:10075"
  s_het: 0.01
- hgnc_id: "HGNC:10078"
  s_het: 0.00152
- hgnc_id: "HGNC:10079"
  s_het: 0.009
- hgnc_id: "HGNC:1008"
  s_het: 0.019
- hgnc_id: "HGNC:10080"
  s_het: 0.017
- hgnc_id: "HGNC:1012"
  s_het: 0.006
- hgnc_id: "HGNC:1014"
  s_het: 0.062
- hgnc_id: "HGNC:102"
  s_het: 0.015
- hgnc_id: "HGNC:1020"
  s_het: 0.00243
- hgnc_id: "HGNC:10241"
  s_het: 0.008
- hgnc_id: "HGNC:10249"
  s_het: 0.012
- hgnc_id: "HGNC:10251"
  s_het: 0.049
- hgnc_id: "HGNC:10252"
  s_het: 0.091
- hgnc_id: "HGNC:10253"
  s_het: 0.015
- hgnc_id: "HGNC:10254"
  s_het: 0.004
- hgnc_id: "HGNC:10256"
  s_het: 0.012
- hgnc_id: "HGNC:10257"
  s_het: 0.023
- hgnc_id: "HGNC:10258"
  s_het: 0.044
- hgnc_id: "HGNC:10259"
  s_het: 0.031
- hgnc_id: "HGNC:10263"
  s_het: 0.006
- hgnc_id: "HGNC:1027"
  s_het: 0.006
- hgnc_id: "HGNC:10274"
  s_het: 0.012
- hgnc_id: "HGNC:10288"
  s_het: 0.009
- hgnc_id: "HGNC:10289"
  s_het: 0.014
- hgnc_id: "HGNC:10290"
  s_het: 0.01
- hgnc_id: "HGNC:10291"
  s_het: 0.003
- hgnc_id: "HGNC:10293"
  s_het: 0.003
- hgnc_id: "HGNC:10294"
  s_het: 0.005
- hgnc_id: "HGNC:10295"
  s_het: 0.038
- hgnc_id: "HGNC:10296"
  s_het: 0.004
- hgnc_id: "HGNC:10297"
  s_het: 0.01
- hgnc_id: "HGNC:10298"
  s_het: 0.012
- hgnc_id: "HGNC:10299"
  s_het: 0.014
- hgnc_id: "HGNC:103"
  s_het: 0.036
- hgnc_id: "HGNC:1030"
  s_het: 0.007
- hgnc_id: "HGNC:10301"
  s_het: 0.009
- hgnc_id: "HGNC:10302"
  s_het: 0.011
- hgnc_id: "HGNC:10303"
  s_het: 0.012
- hgnc_id: "HGNC:10304"
  s_het: 0.004
- hgnc_id: "HGNC:10305"
  s_het: 0.013
- hgnc_id: "HGNC:10306"
  s_het: 0.018
- hgnc_id: "HGNC:10307"
  s_het: 0.017
- hgnc_id: "HGNC:10310"
  s_het: 0.018
- hgnc_id: "HGNC:10311"
  s_het: 0.019
- hgnc_id: "HGNC:10312"
  s_het: 0.02
- hgnc_id: "HGNC:10313"
  s_het: 0.014
- hgnc_id: "HGNC:10315"
  s_het: 0.005
- hgnc_id: "HGNC:10316"
  s_het: 0.015
- hgnc_id: "HGNC:10317"
  s_het: 0.011

